Archive member included because of file (symbol)

C:/SiliconLabs/SimplicityStudio/v4/developer/sdks/gecko_sdk_suite/v1.0//protocol/bluetooth_2.3/lib/EFR32BG1B/GCC/bgapi.a(gecko_bgapi_hardware.c.obj)
                              ./main.o (gecko_bgapi_class_hardware_init)
C:/SiliconLabs/SimplicityStudio/v4/developer/sdks/gecko_sdk_suite/v1.0//protocol/bluetooth_2.3/lib/EFR32BG1B/GCC/bgapi.a(gecko_bgapi_test.c.obj)
                              ./main.o (gecko_bgapi_class_test_init)
C:/SiliconLabs/SimplicityStudio/v4/developer/sdks/gecko_sdk_suite/v1.0//protocol/bluetooth_2.3/lib/EFR32BG1B/GCC/bgapi.a(gecko_bgapi_util.c.obj)
                              ./main.o (gecko_bgapi_class_util_init)
C:/SiliconLabs/SimplicityStudio/v4/developer/sdks/gecko_sdk_suite/v1.0//protocol/bluetooth_2.3/lib/EFR32BG1B/GCC/bgapi.a(gecko_bgapi_dfu.c.obj)
                              ./main.o (gecko_bgapi_class_dfu_init)
C:/SiliconLabs/SimplicityStudio/v4/developer/sdks/gecko_sdk_suite/v1.0//protocol/bluetooth_2.3/lib/EFR32BG1B/GCC/bgapi.a(gecko_bgapi_gap.c.obj)
                              ./main.o (gecko_bgapi_class_le_gap_init)
C:/SiliconLabs/SimplicityStudio/v4/developer/sdks/gecko_sdk_suite/v1.0//protocol/bluetooth_2.3/lib/EFR32BG1B/GCC/bgapi.a(gecko_bgapi_gatt.c.obj)
                              ./main.o (gecko_bgapi_class_gatt_init)
C:/SiliconLabs/SimplicityStudio/v4/developer/sdks/gecko_sdk_suite/v1.0//protocol/bluetooth_2.3/lib/EFR32BG1B/GCC/bgapi.a(gecko_bgapi_gatt_server.c.obj)
                              ./main.o (gecko_bgapi_class_gatt_server_init)
C:/SiliconLabs/SimplicityStudio/v4/developer/sdks/gecko_sdk_suite/v1.0//protocol/bluetooth_2.3/lib/EFR32BG1B/GCC/bgapi.a(gecko_bgapi_flash.c.obj)
                              ./main.o (gecko_bgapi_class_flash_init)
C:/SiliconLabs/SimplicityStudio/v4/developer/sdks/gecko_sdk_suite/v1.0//protocol/bluetooth_2.3/lib/EFR32BG1B/GCC/bgapi.a(gecko_bgapi_sm.c.obj)
                              ./main.o (gecko_bgapi_class_sm_init)
C:/SiliconLabs/SimplicityStudio/v4/developer/sdks/gecko_sdk_suite/v1.0//protocol/bluetooth_2.3/lib/EFR32BG1B/GCC/bgapi.a(gecko_bgapi_system.c.obj)
                              ./main.o (gecko_bgapi_class_system_init)
C:/SiliconLabs/SimplicityStudio/v4/developer/sdks/gecko_sdk_suite/v1.0//protocol/bluetooth_2.3/lib/EFR32BG1B/GCC/bgapi.a(gecko_bgapi_endpoint.c.obj)
                              ./main.o (gecko_bgapi_class_endpoint_init)
C:/SiliconLabs/SimplicityStudio/v4/developer/sdks/gecko_sdk_suite/v1.0//protocol/bluetooth_2.3/lib/EFR32BG1B/GCC/bgapi.a(gecko_bgapi_le_connection.c.obj)
                              ./main.o (gecko_bgapi_class_le_connection_init)
C:/SiliconLabs/SimplicityStudio/v4/developer/sdks/gecko_sdk_suite/v1.0//protocol/bluetooth_2.3/lib/EFR32BG1B/GCC/bgapi.a(bgapi_hardware_lib.c.obj)
                              C:/SiliconLabs/SimplicityStudio/v4/developer/sdks/gecko_sdk_suite/v1.0//protocol/bluetooth_2.3/lib/EFR32BG1B/GCC/bgapi.a(gecko_bgapi_hardware.c.obj) (gecko_cmd_hardware_read_i2c)
C:/SiliconLabs/SimplicityStudio/v4/developer/sdks/gecko_sdk_suite/v1.0//protocol/bluetooth_2.3/lib/EFR32BG1B/GCC/bgapi.a(bgapi_hardware.c.obj)
                              C:/SiliconLabs/SimplicityStudio/v4/developer/sdks/gecko_sdk_suite/v1.0//protocol/bluetooth_2.3/lib/EFR32BG1B/GCC/bgapi.a(gecko_bgapi_hardware.c.obj) (lib_hardware_handler_init)
C:/SiliconLabs/SimplicityStudio/v4/developer/sdks/gecko_sdk_suite/v1.0//protocol/bluetooth_2.3/lib/EFR32BG1B/GCC/bgapi.a(bgapi_test_lib.c.obj)
                              C:/SiliconLabs/SimplicityStudio/v4/developer/sdks/gecko_sdk_suite/v1.0//protocol/bluetooth_2.3/lib/EFR32BG1B/GCC/bgapi.a(gecko_bgapi_test.c.obj) (lib_test_handler_init)
C:/SiliconLabs/SimplicityStudio/v4/developer/sdks/gecko_sdk_suite/v1.0//protocol/bluetooth_2.3/lib/EFR32BG1B/GCC/bgapi.a(bgapi_util.c.obj)
                              C:/SiliconLabs/SimplicityStudio/v4/developer/sdks/gecko_sdk_suite/v1.0//protocol/bluetooth_2.3/lib/EFR32BG1B/GCC/bgapi.a(gecko_bgapi_util.c.obj) (lib_util_handler_init)
C:/SiliconLabs/SimplicityStudio/v4/developer/sdks/gecko_sdk_suite/v1.0//protocol/bluetooth_2.3/lib/EFR32BG1B/GCC/bgapi.a(bgapi_dfu.c.obj)
                              C:/SiliconLabs/SimplicityStudio/v4/developer/sdks/gecko_sdk_suite/v1.0//protocol/bluetooth_2.3/lib/EFR32BG1B/GCC/bgapi.a(gecko_bgapi_dfu.c.obj) (lib_dfu_handler_init)
C:/SiliconLabs/SimplicityStudio/v4/developer/sdks/gecko_sdk_suite/v1.0//protocol/bluetooth_2.3/lib/EFR32BG1B/GCC/bgapi.a(bgapi_gap.c.obj)
                              C:/SiliconLabs/SimplicityStudio/v4/developer/sdks/gecko_sdk_suite/v1.0//protocol/bluetooth_2.3/lib/EFR32BG1B/GCC/bgapi.a(gecko_bgapi_gap.c.obj) (lib_le_gap_handler_init)
C:/SiliconLabs/SimplicityStudio/v4/developer/sdks/gecko_sdk_suite/v1.0//protocol/bluetooth_2.3/lib/EFR32BG1B/GCC/bgapi.a(bgapi_gatt_lib.c.obj)
[...]
Memory Configuration

Name             Origin             Length             Attributes
FLASH            0x00000000         0x0003f000         xr
RAM              0x20003000         0x00004bfc         xrw
*default*        0x00000000         0xffffffff

Linker script and memory map

LOAD c:/siliconlabs/simplicitystudio/v4/developer/toolchains/gnu_arm/4.9_2015q3/bin/../lib/gcc/arm-none-eabi/4.9.3/armv7e-m/softfp/crti.o
LOAD c:/siliconlabs/simplicitystudio/v4/developer/toolchains/gnu_arm/4.9_2015q3/bin/../lib/gcc/arm-none-eabi/4.9.3/armv7e-m/softfp/crtbegin.o
LOAD c:/siliconlabs/simplicitystudio/v4/developer/toolchains/gnu_arm/4.9_2015q3/bin/../lib/gcc/arm-none-eabi/4.9.3/../../../../arm-none-eabi/lib/armv7e-m/softfp/crt0.o
LOAD ./advertisement.o
LOAD ./app.o
LOAD ./app_hw.o
LOAD ./app_ui.o
LOAD ./application_properties.o
LOAD ./beacon.o
LOAD ./ble-callback-stubs.o
LOAD ./ble-callbacks.o
LOAD ./gatt_db.o
LOAD ./graphics.o
LOAD ./htm.o
LOAD ./ia.o
LOAD ./main.o
LOAD ./bgapi/dmadrv.o
LOAD ./bgapi/em_adc.o
LOAD ./bgapi/em_ldma.o
LOAD ./bgapi/em_leuart.o
LOAD ./device/EFR32_B_1_1_B/gcc/startup_efr32bg1b.o
LOAD ./emlib/em_cmu.o
LOAD ./emlib/em_cryotimer.o
LOAD ./emlib/em_emu.o
LOAD ./emlib/em_gpio.o
LOAD ./emlib/em_i2c.o
LOAD ./emlib/em_msc.o
LOAD ./emlib/em_rtcc.o
LOAD ./emlib/em_system.o
LOAD ./emlib/em_usart.o
LOAD ./glib/BRD4300C/bmp.o
LOAD ./glib/BRD4300C/dmd_display.o
LOAD ./glib/BRD4300C/glib.o
LOAD ./glib/BRD4300C/glib_bitmap.o
LOAD ./glib/BRD4300C/glib_circle.o
LOAD ./glib/BRD4300C/glib_font_narrow_6x8.o
LOAD ./glib/BRD4300C/glib_font_normal_8x8.o
LOAD ./glib/BRD4300C/glib_font_number_16x20.o
LOAD ./glib/BRD4300C/glib_line.o
LOAD ./glib/BRD4300C/glib_polygon.o
LOAD ./glib/BRD4300C/glib_rectangle.o
LOAD ./glib/BRD4300C/glib_string.o
LOAD ./kit/BRD4300C/bsp_bcc.o
LOAD ./kit/BRD4300C/bsp_stk.o
LOAD ./kit/BRD4300C/bsp_stk_leds.o
LOAD ./kit/BRD4300C/i2cspm.o
LOAD ./kit/BRD4300C/si7013.o
LOAD ./kit/BRD4300C/tempsens.o
LOAD ./kit/BRD4300C/udelay.o
LOAD ./kit_lcd/BRD4300C/display.o
LOAD ./kit_lcd/BRD4300C/displayls013b7dh03.o
LOAD ./kit_lcd/BRD4300C/displaypalemlib.o
LOAD ./src/InitDevice.o
LOAD C:/SiliconLabs/SimplicityStudio/v4/developer/sdks/gecko_sdk_suite/v1.0//protocol/bluetooth_2.3/lib/EFR32BG1B/EABI/binbootloader.o
LOAD C:/SiliconLabs/SimplicityStudio/v4/developer/sdks/gecko_sdk_suite/v1.0//protocol/bluetooth_2.3/lib/EFR32BG1B/GCC/bgapi.a
LOAD C:/SiliconLabs/SimplicityStudio/v4/developer/sdks/gecko_sdk_suite/v1.0//protocol/bluetooth_2.3/lib/EFR32BG1B/EABI/stack.a
LOAD C:/SiliconLabs/SimplicityStudio/v4/developer/sdks/gecko_sdk_suite/v1.0//protocol/bluetooth_2.3/lib/EFR32BG1B/EABI/binstack.o
LOAD c:/siliconlabs/simplicitystudio/v4/developer/toolchains/gnu_arm/4.9_2015q3/bin/../lib/gcc/arm-none-eabi/4.9.3/../../../../arm-none-eabi/lib/armv7e-m/softfp\libm.a
START GROUP
LOAD c:/siliconlabs/simplicitystudio/v4/developer/toolchains/gnu_arm/4.9_2015q3/bin/../lib/gcc/arm-none-eabi/4.9.3/armv7e-m/softfp\libgcc.a
LOAD c:/siliconlabs/simplicitystudio/v4/developer/toolchains/gnu_arm/4.9_2015q3/bin/../lib/gcc/arm-none-eabi/4.9.3/../../../../arm-none-eabi/lib/armv7e-m/softfp\libc.a
LOAD c:/siliconlabs/simplicitystudio/v4/developer/toolchains/gnu_arm/4.9_2015q3/bin/../lib/gcc/arm-none-eabi/4.9.3/../../../../arm-none-eabi/lib/armv7e-m/softfp\libnosys.a
END GROUP
START GROUP
LOAD c:/siliconlabs/simplicitystudio/v4/developer/toolchains/gnu_arm/4.9_2015q3/bin/../lib/gcc/arm-none-eabi/4.9.3/armv7e-m/softfp\libgcc.a
LOAD c:/siliconlabs/simplicitystudio/v4/developer/toolchains/gnu_arm/4.9_2015q3/bin/../lib/gcc/arm-none-eabi/4.9.3/../../../../arm-none-eabi/lib/armv7e-m/softfp\libg.a
LOAD c:/siliconlabs/simplicitystudio/v4/developer/toolchains/gnu_arm/4.9_2015q3/bin/../lib/gcc/arm-none-eabi/4.9.3/../../../../arm-none-eabi/lib/armv7e-m/softfp\libc.a
END GROUP
LOAD c:/siliconlabs/simplicitystudio/v4/developer/toolchains/gnu_arm/4.9_2015q3/bin/../lib/gcc/arm-none-eabi/4.9.3/armv7e-m/softfp/crtend.o
LOAD c:/siliconlabs/simplicitystudio/v4/developer/toolchains/gnu_arm/4.9_2015q3/bin/../lib/gcc/arm-none-eabi/4.9.3/armv7e-m/softfp/crtn.o

.text_bootloader
                0x00000000     0x4000
 *(.binbootloader*)
 .binbootloader
                0x00000000      0x31c C:/SiliconLabs/SimplicityStudio/v4/developer/sdks/gecko_sdk_suite/v1.0//protocol/bluetooth_2.3/lib/EFR32BG1B/EABI/binbootloader.o
                0x00004000                . = ALIGN (0x4000)
 *fill*         0x0000031c     0x3ce4 

.text_stack_bin
                0x00004000    0x1d000
 *(.binstack*)
 .binstack      0x00004000    0x1c9e4 C:/SiliconLabs/SimplicityStudio/v4/developer/sdks/gecko_sdk_suite/v1.0//protocol/bluetooth_2.3/lib/EFR32BG1B/EABI/binstack.o
                0x00021000                . = ALIGN (0x800)
 *fill*         0x000209e4      0x61c 
                0x00021000                __text_start__ = .

.text_app       0x00021000     0xcddc
 *(.AAT)
 .AAT           0x00021000       0x80 ./main.o
                0x00021000                AppAddressTable
 *(.vectors)
 .vectors       0x00021080       0xc8 ./device/EFR32_B_1_1_B/gcc/startup_efr32bg1b.o
                0x00021080                __Vectors
                0x00021148                __Vectors_End = .
                0x000000c8                __Vectors_Size = (__Vectors_End - __Vectors)
                0x00021148                __end__ = .
 *(.gecko_configuration)
 *(.xo_configuration)
 *(.gatt_header)
 .gatt_header   0x00021148       0x30 ./gatt_db.o
                0x00021148                bg_gattdb_data
 *(.gatt_data)
 .gatt_data     0x00021178      0x294 ./gatt_db.o
                0x00021178                bg_gattdb_data_adv_uuid128_map
                0x0002117c                bg_gattdb_data_adv_uuid16_map
                0x00021180                bg_gattdb_data_attributes_dynamic_mapping_map
                0x00021190                bg_gattdb_data_attributes_map
                0x000212ec                bg_gattdb_data_attribute_field_0
                0x000212f0                bg_gattdb_data_attribute_field_1
                0x000212f8                bg_gattdb_data_attribute_field_2
                0x00021300                bg_gattdb_data_attribute_field_4
                0x00021304                bg_gattdb_data_attribute_field_5
                0x0002130c                bg_gattdb_data_attribute_field_6
                0x00021314                bg_gattdb_data_attribute_field_7
                0x0002131c                bg_gattdb_data_attribute_field_8
                0x00021320                bg_gattdb_data_attribute_field_9
                0x00021324                bg_gattdb_data_attribute_field_10
                0x0002132c                bg_gattdb_data_attribute_field_11
                0x0002133c                bg_gattdb_data_attribute_field_12
                0x00021340                bg_gattdb_data_attribute_field_13
                0x00021348                bg_gattdb_data_attribute_field_14
                0x00021350                bg_gattdb_data_attribute_field_16
                0x00021358                bg_gattdb_data_attribute_field_17
                0x00021360                bg_gattdb_data_attribute_field_18
                0x00021368                bg_gattdb_data_attribute_field_19
                0x00021370                bg_gattdb_data_attribute_field_21
                0x00021378                bg_gattdb_data_attribute_field_22
                0x00021380                bg_gattdb_data_attribute_field_23
                0x00021384                bg_gattdb_data_attribute_field_24
                0x0002138c                bg_gattdb_data_attribute_field_25
                0x00021394                bg_gattdb_data_attribute_field_26
                0x000213a8                bg_gattdb_data_attribute_field_27
                0x000213c0                bg_gattdb_data_attribute_field_28
                0x000213c8                bg_gattdb_data_uuidtable_128_map
                0x000213e8                bg_gattdb_data_uuidtable_16_map
 *(.text*)
 .text          0x0002140c       0x5c c:/siliconlabs/simplicitystudio/v4/developer/toolchains/gnu_arm/4.9_2015q3/bin/../lib/gcc/arm-none-eabi/4.9.3/armv7e-m/softfp/crtbegin.o
 .text          0x00021468       0x74 c:/siliconlabs/simplicitystudio/v4/developer/toolchains/gnu_arm/4.9_2015q3/bin/../lib/gcc/arm-none-eabi/4.9.3/../../../../arm-none-eabi/lib/armv7e-m/softfp/crt0.o
                0x00021468                _start
                0x00021468                _mainCRTStartup
 .text.advSetup
                0x000214dc       0x4c ./advertisement.o
                0x000214dc                advSetup
 .text.advSwitchAdvMessage
                0x00021528       0x44 ./advertisement.o
                0x00021528                advSwitchAdvMessage
 .text.advConnectionStarted
                0x0002156c        0xc ./advertisement.o
                0x0002156c                advConnectionStarted
 .text.appInit  0x00021578       0x88 ./app.o
                0x00021578                appInit
 .text.appHandleEvents
                0x00021600      0x124 ./app.o
                0x00021600                appHandleEvents
 .text.rtcIntCallbackRegister
                0x00021724        0x4 ./app.o
                0x00021724                rtcIntCallbackRegister
 .text.appBtnCback
                0x00021728        0xc ./app_hw.o
 .text.appHwInit
                0x00021734       0x34 ./app_hw.o
                0x00021734                appHwInit
 .text.appHwReadTm
                0x00021768       0x20 ./app_hw.o
                0x00021768                appHwReadTm
 .text.appUiBtnRegister
                0x00021788        0xc ./app_ui.o
                0x00021788                appUiBtnRegister
 .text.appUiLedOff
                0x00021794       0x10 ./app_ui.o
                0x00021794                appUiLedOff
 .text.appUiLedLowAlert
                0x000217a4       0x10 ./app_ui.o
                0x000217a4                appUiLedLowAlert
 .text.appUiLedHighAlert
                0x000217b4       0x10 ./app_ui.o
                0x000217b4                appUiLedHighAlert
 .text.appUiInit
                0x000217c4       0x4c ./app_ui.o
                0x000217c4                appUiInit
 .text.appUiTick
                0x00021810      0x1d8 ./app_ui.o
                0x00021810                appUiTick
 .text.appUiWriteString
                0x000219e8        0x4 ./app_ui.o
                0x000219e8                appUiWriteString
 .text.bcnSetupAdvBeaconing
                0x000219ec       0x80 ./beacon.o
                0x000219ec                bcnSetupAdvBeaconing
 .text.graphPrintCenter.constprop.0
                0x00021a6c       0x94 ./graphics.o
 .text.graphInit
                0x00021b00       0x44 ./graphics.o
                0x00021b00                graphInit
 .text.graphWriteString
                0x00021b44       0x34 ./graphics.o
                0x00021b44                graphWriteString
 .text.htmTemperatureMeasure.part.0
                0x00021b78      0x1bc ./htm.o
 .text.htmInit  0x00021d34       0x34 ./htm.o
                0x00021d34                htmInit
 .text.htmTemperatureCharStatusChange
                0x00021d68       0x3c ./htm.o
                0x00021d68                htmTemperatureCharStatusChange
 .text.htmTemperatureMeasure
                0x00021da4       0x14 ./htm.o
                0x00021da4                htmTemperatureMeasure
 .text.iaImmediateAlertWrite
                0x00021db8       0x44 ./ia.o
                0x00021db8                iaImmediateAlertWrite
 .text.startup.main
                0x00021dfc       0x4c ./main.o
                0x00021dfc                main
 .text.StartTransfer
                0x00021e48      0x1dc ./bgapi/dmadrv.o
 .text.DMADRV_AllocateChannel
                0x00022024       0x60 ./bgapi/dmadrv.o
                0x00022024                DMADRV_AllocateChannel
 .text.DMADRV_Init
                0x00022084       0x60 ./bgapi/dmadrv.o
                0x00022084                DMADRV_Init
 .text.DMADRV_MemoryPeripheral
                0x000220e4       0x34 ./bgapi/dmadrv.o
                0x000220e4                DMADRV_MemoryPeripheral
 .text.DMADRV_PeripheralMemory
                0x00022118       0x34 ./bgapi/dmadrv.o
                0x00022118                DMADRV_PeripheralMemory
 .text.DMADRV_StopTransfer
                0x0002214c       0x44 ./bgapi/dmadrv.o
                0x0002214c                DMADRV_StopTransfer
 .text.DMADRV_TransferRemainingCount
                0x00022190       0x50 ./bgapi/dmadrv.o
                0x00022190                DMADRV_TransferRemainingCount
 .text.LDMA_IRQHandler
                0x000221e0       0x7c ./bgapi/dmadrv.o
                0x000221e0                LDMA_IRQHandler
 .text.ADC_LoadDevinfoCal
                0x0002225c       0xf4 ./bgapi/em_adc.o
 .text.ADC_InitSingle
                0x00022350       0xb4 ./bgapi/em_adc.o
                0x00022350                ADC_InitSingle
 .text.ADC_PrescaleCalc
                0x00022404       0x4c ./bgapi/em_adc.o
                0x00022404                ADC_PrescaleCalc
 .text.ADC_Init
                0x00022450       0x68 ./bgapi/em_adc.o
                0x00022450                ADC_Init
 .text.LDMA_Init
                0x000224b8       0x58 ./bgapi/em_ldma.o
                0x000224b8                LDMA_Init
 .text.LDMA_StartTransfer
                0x00022510       0xa8 ./bgapi/em_ldma.o
                0x00022510                LDMA_StartTransfer
 .text.LDMA_StopTransfer
                0x000225b8       0x28 ./bgapi/em_ldma.o
                0x000225b8                LDMA_StopTransfer
 .text.LDMA_TransferRemainingCount
                0x000225e0       0x40 ./bgapi/em_ldma.o
                0x000225e0                LDMA_TransferRemainingCount
 .text.LEUART_BaudrateSet
                0x00022620       0x54 ./bgapi/em_leuart.o
                0x00022620                LEUART_BaudrateSet
 .text.LEUART_Enable
                0x00022674       0x1c ./bgapi/em_leuart.o
                0x00022674                LEUART_Enable
 .text.LEUART_Init
                0x00022690       0x4c ./bgapi/em_leuart.o
                0x00022690                LEUART_Init
 .text.Default_Handler
                0x000226dc        0x4 ./device/EFR32_B_1_1_B/gcc/startup_efr32bg1b.o
                0x000226dc                DebugMon_Handler
                0x000226dc                USART0_TX_IRQHandler
                0x000226dc                I2C0_IRQHandler
                0x000226dc                HardFault_Handler
                0x000226dc                SysTick_Handler
                0x000226dc                USART1_RX_IRQHandler
                0x000226dc                PendSV_Handler
                0x000226dc                NMI_Handler
                0x000226dc                SYNTH_IRQHandler
                0x000226dc                WDOG0_IRQHandler
                0x000226dc                USART1_TX_IRQHandler
                0x000226dc                MSC_IRQHandler
                0x000226dc                ADC0_IRQHandler
                0x000226dc                UsageFault_Handler
                0x000226dc                LEUART0_IRQHandler
                0x000226dc                FPUEH_IRQHandler
                0x000226dc                GPIO_EVEN_IRQHandler
                0x000226dc                TIMER0_IRQHandler
                0x000226dc                LETIMER0_IRQHandler
                0x000226dc                TIMER1_IRQHandler
                0x000226dc                RFSENSE_IRQHandler
                0x000226dc                BUFC_IRQHandler
                0x000226dc                MODEM_IRQHandler
                0x000226dc                Default_Handler
                0x000226dc                RAC_SEQ_IRQHandler
                0x000226dc                FRC_PRI_IRQHandler
                0x000226dc                EMU_IRQHandler
                0x000226dc                FRC_IRQHandler
                0x000226dc                CRYOTIMER_IRQHandler
                0x000226dc                PCNT0_IRQHandler
                0x000226dc                AGC_IRQHandler
                0x000226dc                ACMP0_IRQHandler
                0x000226dc                USART0_RX_IRQHandler
                0x000226dc                MemManage_Handler
                0x000226dc                SVC_Handler
                0x000226dc                RTCC_IRQHandler
                0x000226dc                CRYPTO_IRQHandler
                0x000226dc                CMU_IRQHandler
                0x000226dc                RAC_RSM_IRQHandler
                0x000226dc                GPIO_ODD_IRQHandler
                0x000226dc                PROTIMER_IRQHandler
                0x000226dc                BusFault_Handler
                0x000226dc                IDAC0_IRQHandler
 .text.Reset_Handler
                0x000226e0       0x34 ./device/EFR32_B_1_1_B/gcc/startup_efr32bg1b.o
                0x000226e0                Reset_Handler
 .text.flashWaitStateMax
                0x00022714       0x40 ./emlib/em_cmu.o
 .text.CMU_OscillatorTuningSet.part.2
                0x00022754       0x44 ./emlib/em_cmu.o
 .text.CMU_ClockEnable
                0x00022798       0x8c ./emlib/em_cmu.o
                0x00022798                CMU_ClockEnable
 .text.CMU_ClockPrescGet
                0x00022824       0x94 ./emlib/em_cmu.o
                0x00022824                CMU_ClockPrescGet
 .text.CMU_ClockDivGet
                0x000228b8        0xc ./emlib/em_cmu.o
                0x000228b8                CMU_ClockDivGet
 .text.CMU_ClockSelectGet
                0x000228c4       0xa4 ./emlib/em_cmu.o
                0x000228c4                CMU_ClockSelectGet
 .text.lfClkGet
                0x00022968       0x94 ./emlib/em_cmu.o
 .text.CMU_ClockFreqGet
                0x000229fc      0x128 ./emlib/em_cmu.o
                0x000229fc                CMU_ClockFreqGet
 .text.CMU_ClockPrescSet
                0x00022b24      0x1ec ./emlib/em_cmu.o
                0x00022b24                CMU_ClockPrescSet
 .text.CMU_ClockDivSet
                0x00022d10        0x8 ./emlib/em_cmu.o
                0x00022d10                CMU_ClockDivSet
 .text.CMU_OscillatorTuningWait
                0x00022d18       0x60 ./emlib/em_cmu.o
                0x00022d18                CMU_OscillatorTuningWait
 .text.CMU_OscillatorEnable
                0x00022d78      0x110 ./emlib/em_cmu.o
                0x00022d78                CMU_OscillatorEnable
 .text.CMU_ClockSelectSet
                0x00022e88      0x158 ./emlib/em_cmu.o
                0x00022e88                CMU_ClockSelectSet
 .text.CMU_HFXOInit
                0x00022fe0       0xec ./emlib/em_cmu.o
                0x00022fe0                CMU_HFXOInit
 .text.CMU_LFXOInit
                0x000230cc       0x40 ./emlib/em_cmu.o
                0x000230cc                CMU_LFXOInit
 .text.currentLimitersUpdate
                0x0002310c       0x74 ./emlib/em_emu.o
 .text.EMU_DCDCModeSet
                0x00023180       0x4c ./emlib/em_emu.o
                0x00023180                EMU_DCDCModeSet
 .text.EMU_DCDCOutputVoltageSet
                0x000231cc      0x1cc ./emlib/em_emu.o
                0x000231cc                EMU_DCDCOutputVoltageSet
 .text.EMU_DCDCOptimizeSlice
                0x00023398       0x94 ./emlib/em_emu.o
                0x00023398                EMU_DCDCOptimizeSlice
 .text.EMU_DCDCLnRcoBandSet
                0x0002342c       0x24 ./emlib/em_emu.o
                0x0002342c                EMU_DCDCLnRcoBandSet
 .text.EMU_DCDCInit
                0x00023450      0x18c ./emlib/em_emu.o
                0x00023450                EMU_DCDCInit
 .text.GPIO_PinModeSet
                0x000235dc       0x8c ./emlib/em_gpio.o
                0x000235dc                GPIO_PinModeSet
 .text.I2C_BusFreqSet.part.0
                0x00023668       0x60 ./emlib/em_i2c.o
 .text.I2C_Init
                0x000236c8       0x3c ./emlib/em_i2c.o
                0x000236c8                I2C_Init
 .text.I2C_Transfer
                0x00023704      0x284 ./emlib/em_i2c.o
                0x00023704                I2C_Transfer
 .text.I2C_TransferInit
                0x00023988       0x70 ./emlib/em_i2c.o
                0x00023988                I2C_TransferInit
 .text.RTCC_Enable
                0x000239f8        0xc ./emlib/em_rtcc.o
                0x000239f8                RTCC_Enable
 .text.RTCC_Init
                0x00023a04       0x48 ./emlib/em_rtcc.o
                0x00023a04                RTCC_Init
 .text.SYSTEM_ChipRevisionGet
                0x00023a4c       0x34 ./emlib/em_system.o
                0x00023a4c                SYSTEM_ChipRevisionGet
 .text.USART_BaudrateAsyncSet
                0x00023a80       0x68 ./emlib/em_usart.o
                0x00023a80                USART_BaudrateAsyncSet
 .text.USART_BaudrateCalc
                0x00023ae8       0x7c ./emlib/em_usart.o
                0x00023ae8                USART_BaudrateCalc
 .text.USART_BaudrateGet
                0x00023b64       0x24 ./emlib/em_usart.o
                0x00023b64                USART_BaudrateGet
 .text.USART_BaudrateSyncSet
                0x00023b88       0x3c ./emlib/em_usart.o
                0x00023b88                USART_BaudrateSyncSet
 .text.USART_Enable
                0x00023bc4       0x10 ./emlib/em_usart.o
                0x00023bc4                USART_Enable
 .text.USART_InitAsync
                0x00023bd4       0xa4 ./emlib/em_usart.o
                0x00023bd4                USART_InitAsync
 .text.USART_InitSync
                0x00023c78       0xc8 ./emlib/em_usart.o
                0x00023c78                USART_InitSync
 .text.USART_Tx
                0x00023d40        0xc ./emlib/em_usart.o
                0x00023d40                USART_Tx
 .text.USART_TxDouble
                0x00023d4c        0xc ./emlib/em_usart.o
                0x00023d4c                USART_TxDouble
 .text.DMD_writeColor.part.0
                0x00023d58      0x180 ./glib/BRD4300C/dmd_display.o
 .text.DMD_getDisplayGeometry
                0x00023ed8       0x1c ./glib/BRD4300C/dmd_display.o
                0x00023ed8                DMD_getDisplayGeometry
 .text.DMD_setClippingArea
                0x00023ef4       0x44 ./glib/BRD4300C/dmd_display.o
                0x00023ef4                DMD_setClippingArea
 .text.DMD_writeColor
                0x00023f38       0x20 ./glib/BRD4300C/dmd_display.o
                0x00023f38                DMD_writeColor
 .text.DMD_allocateFramebuffer
                0x00023f58       0x38 ./glib/BRD4300C/dmd_display.o
                0x00023f58                DMD_allocateFramebuffer
 .text.DMD_init
                0x00023f90       0x78 ./glib/BRD4300C/dmd_display.o
                0x00023f90                DMD_init
 .text.DMD_updateDisplay
                0x00024008       0xc8 ./glib/BRD4300C/dmd_display.o
                0x00024008                DMD_updateDisplay
 .text.GLIB_applyClippingRegion.part.1
                0x000240d0       0x1c ./glib/BRD4300C/glib.o
 .text.GLIB_setClippingRegion.part.2
                0x000240ec       0x48 ./glib/BRD4300C/glib.o
 .text.GLIB_contextInit
                0x00024134       0x58 ./glib/BRD4300C/glib.o
                0x00024134                GLIB_contextInit
 .text.GLIB_clear
                0x0002418c       0x48 ./glib/BRD4300C/glib.o
                0x0002418c                GLIB_clear
 .text.GLIB_drawPixel
                0x000241d4       0x40 ./glib/BRD4300C/glib.o
                0x000241d4                GLIB_drawPixel
 .text.GLIB_drawPixelColor
                0x00024214       0x3c ./glib/BRD4300C/glib.o
                0x00024214                GLIB_drawPixelColor
 .text.GLIB_rectContainsPoint
                0x00024250       0x24 ./glib/BRD4300C/glib_rectangle.o
                0x00024250                GLIB_rectContainsPoint
 .text.GLIB_drawChar.part.0
                0x00024274      0x164 ./glib/BRD4300C/glib_string.o
 .text.GLIB_drawString
                0x000243d8       0x90 ./glib/BRD4300C/glib_string.o
                0x000243d8                GLIB_drawString
 .text.GLIB_setFont
                0x00024468       0x30 ./glib/BRD4300C/glib_string.o
                0x00024468                GLIB_setFont
 .text.I2CSPM_Transfer
                0x00024498       0x24 ./kit/BRD4300C/i2cspm.o
                0x00024498                I2CSPM_Transfer
 .text.Si7013_Measure
                0x000244bc       0x54 ./kit/BRD4300C/si7013.o
 .text.Si7013_MeasureRHAndTemp
                0x00024510       0x58 ./kit/BRD4300C/si7013.o
                0x00024510                Si7013_MeasureRHAndTemp
 .text.Si7013_Detect
                0x00024568       0x58 ./kit/BRD4300C/si7013.o
                0x00024568                Si7013_Detect
 .text.UDELAY_Calibrate
                0x000245c0      0x1c0 ./kit/BRD4300C/udelay.o
                0x000245c0                UDELAY_Calibrate
 .text.UDELAY_Delay
                0x00024780       0x28 ./kit/BRD4300C/udelay.o
                0x00024780                UDELAY_Delay
 .text.DISPLAY_Init
                0x000247a8       0x34 ./kit_lcd/BRD4300C/display.o
                0x000247a8                DISPLAY_Init
 .text.DISPLAY_DeviceGet
                0x000247dc       0x50 ./kit_lcd/BRD4300C/display.o
                0x000247dc                DISPLAY_DeviceGet
 .text.DISPLAY_DeviceRegister
                0x0002482c       0x5c ./kit_lcd/BRD4300C/display.o
                0x0002482c                DISPLAY_DeviceRegister
 .text.PixelMatrixAllocate
                0x00024888       0x3c ./kit_lcd/BRD4300C/displayls013b7dh03.o
 .text.PixelMatrixFree
                0x000248c4        0x8 ./kit_lcd/BRD4300C/displayls013b7dh03.o
 .text.DriverRefresh
                0x000248cc       0x10 ./kit_lcd/BRD4300C/displayls013b7dh03.o
 .text.PixelMatrixClear
                0x000248dc       0x20 ./kit_lcd/BRD4300C/displayls013b7dh03.o
 .text.PixelMatrixDraw
                0x000248fc       0x8c ./kit_lcd/BRD4300C/displayls013b7dh03.o
 .text.DisplayPolarityInverse
                0x00024988       0x10 ./kit_lcd/BRD4300C/displayls013b7dh03.o
 .text.DisplayEnable
                0x00024998       0x1c ./kit_lcd/BRD4300C/displayls013b7dh03.o
 .text.DISPLAY_Ls013b7dh03Init
                0x000249b4       0xf4 ./kit_lcd/BRD4300C/displayls013b7dh03.o
                0x000249b4                DISPLAY_Ls013b7dh03Init
 .text.PAL_SpiInit
                0x00024aa8       0x50 ./kit_lcd/BRD4300C/displaypalemlib.o
                0x00024aa8                PAL_SpiInit
 .text.PAL_SpiTransmit
                0x00024af8       0x40 ./kit_lcd/BRD4300C/displaypalemlib.o
                0x00024af8                PAL_SpiTransmit
 .text.PAL_TimerInit
                0x00024b38        0xc ./kit_lcd/BRD4300C/displaypalemlib.o
                0x00024b38                PAL_TimerInit
 .text.PAL_TimerMicroSecondsDelay
                0x00024b44        0xc ./kit_lcd/BRD4300C/displaypalemlib.o
                0x00024b44                PAL_TimerMicroSecondsDelay
 .text.PAL_TimerRepeat
                0x00024b50       0x18 ./kit_lcd/BRD4300C/displaypalemlib.o
                0x00024b50                PAL_TimerRepeat
 .text.PAL_GpioInit
                0x00024b68       0x14 ./kit_lcd/BRD4300C/displaypalemlib.o
                0x00024b68                PAL_GpioInit
 .text.PAL_GpioPinModeSet
                0x00024b7c       0x18 ./kit_lcd/BRD4300C/displaypalemlib.o
                0x00024b7c                PAL_GpioPinModeSet
 .text.PAL_GpioPinOutSet
                0x00024b94       0x1c ./kit_lcd/BRD4300C/displaypalemlib.o
                0x00024b94                PAL_GpioPinOutSet
 .text.PAL_GpioPinOutClear
                0x00024bb0       0x18 ./kit_lcd/BRD4300C/displaypalemlib.o
                0x00024bb0                PAL_GpioPinOutClear
 .text.PAL_GpioPinOutToggle
                0x00024bc8       0x18 ./kit_lcd/BRD4300C/displaypalemlib.o
                0x00024bc8                PAL_GpioPinOutToggle
 .text.EMU_enter_DefaultMode_from_RESET
                0x00024be0       0x54 ./src/InitDevice.o
                0x00024be0                EMU_enter_DefaultMode_from_RESET
 .text.CMU_enter_DefaultMode_from_RESET
                0x00024c34      0x120 ./src/InitDevice.o
                0x00024c34                CMU_enter_DefaultMode_from_RESET
 .text.RTCC_enter_DefaultMode_from_RESET
                0x00024d54       0x44 ./src/InitDevice.o
                0x00024d54                RTCC_enter_DefaultMode_from_RESET
 .text.I2C0_enter_DefaultMode_from_RESET
                0x00024d98       0x60 ./src/InitDevice.o
                0x00024d98                I2C0_enter_DefaultMode_from_RESET
 .text.PORTIO_enter_DefaultMode_from_RESET
                0x00024df8       0x50 ./src/InitDevice.o
                0x00024df8                PORTIO_enter_DefaultMode_from_RESET
 .text.enter_DefaultMode_from_RESET
                0x00024e48       0xa0 ./src/InitDevice.o
                0x00024e48                enter_DefaultMode_from_RESET
 .text          0x00024ee8       0x60 C:/SiliconLabs/SimplicityStudio/v4/developer/sdks/gecko_sdk_suite/v1.0//protocol/bluetooth_2.3/lib/EFR32BG1B/GCC/bgapi.a(gecko_bgapi_hardware.c.obj)
                0x00024f30                gecko_bgapi_class_hardware_init
 .text          0x00024f48       0x60 C:/SiliconLabs/SimplicityStudio/v4/developer/sdks/gecko_sdk_suite/v1.0//protocol/bluetooth_2.3/lib/EFR32BG1B/GCC/bgapi.a(gecko_bgapi_test.c.obj)
                0x00024f90                gecko_bgapi_class_test_init
 .text          0x00024fa8       0x60 C:/SiliconLabs/SimplicityStudio/v4/developer/sdks/gecko_sdk_suite/v1.0//protocol/bluetooth_2.3/lib/EFR32BG1B/GCC/bgapi.a(gecko_bgapi_util.c.obj)
                0x00024ff0                gecko_bgapi_class_util_init
 .text          0x00025008       0x60 C:/SiliconLabs/SimplicityStudio/v4/developer/sdks/gecko_sdk_suite/v1.0//protocol/bluetooth_2.3/lib/EFR32BG1B/GCC/bgapi.a(gecko_bgapi_dfu.c.obj)
                0x00025050                gecko_bgapi_class_dfu_init
 .text          0x00025068       0x60 C:/SiliconLabs/SimplicityStudio/v4/developer/sdks/gecko_sdk_suite/v1.0//protocol/bluetooth_2.3/lib/EFR32BG1B/GCC/bgapi.a(gecko_bgapi_gap.c.obj)
                0x000250b0                gecko_bgapi_class_le_gap_init
 .text          0x000250c8       0x60 C:/SiliconLabs/SimplicityStudio/v4/developer/sdks/gecko_sdk_suite/v1.0//protocol/bluetooth_2.3/lib/EFR32BG1B/GCC/bgapi.a(gecko_bgapi_gatt.c.obj)
                0x00025110                gecko_bgapi_class_gatt_init
 .text          0x00025128       0x60 C:/SiliconLabs/SimplicityStudio/v4/developer/sdks/gecko_sdk_suite/v1.0//protocol/bluetooth_2.3/lib/EFR32BG1B/GCC/bgapi.a(gecko_bgapi_gatt_server.c.obj)
                0x00025170                gecko_bgapi_class_gatt_server_init
 .text          0x00025188       0x60 C:/SiliconLabs/SimplicityStudio/v4/developer/sdks/gecko_sdk_suite/v1.0//protocol/bluetooth_2.3/lib/EFR32BG1B/GCC/bgapi.a(gecko_bgapi_flash.c.obj)
                0x000251d0                gecko_bgapi_class_flash_init
 .text          0x000251e8       0x60 C:/SiliconLabs/SimplicityStudio/v4/developer/sdks/gecko_sdk_suite/v1.0//protocol/bluetooth_2.3/lib/EFR32BG1B/GCC/bgapi.a(gecko_bgapi_sm.c.obj)
                0x00025230                gecko_bgapi_class_sm_init
 .text          0x00025248       0x60 C:/SiliconLabs/SimplicityStudio/v4/developer/sdks/gecko_sdk_suite/v1.0//protocol/bluetooth_2.3/lib/EFR32BG1B/GCC/bgapi.a(gecko_bgapi_system.c.obj)
                0x00025290                gecko_bgapi_class_system_init
 .text          0x000252a8       0x60 C:/SiliconLabs/SimplicityStudio/v4/developer/sdks/gecko_sdk_suite/v1.0//protocol/bluetooth_2.3/lib/EFR32BG1B/GCC/bgapi.a(gecko_bgapi_endpoint.c.obj)
                0x000252f0                gecko_bgapi_class_endpoint_init
 .text          0x00025308       0x60 C:/SiliconLabs/SimplicityStudio/v4/developer/sdks/gecko_sdk_suite/v1.0//protocol/bluetooth_2.3/lib/EFR32BG1B/GCC/bgapi.a(gecko_bgapi_le_connection.c.obj)
                0x00025350                gecko_bgapi_class_le_connection_init
 .text          0x00025368      0x388 C:/SiliconLabs/SimplicityStudio/v4/developer/sdks/gecko_sdk_suite/v1.0//protocol/bluetooth_2.3/lib/EFR32BG1B/GCC/bgapi.a(bgapi_hardware_lib.c.obj)
                0x00025368                gecko_cmd_hardware_read_i2c
                0x000253d0                gecko_cmd_hardware_write_i2c
                0x00025414                gecko_cmd_hardware_stop_i2c
                0x0002544c                gecko_cmd_hardware_read_adc
                0x0002548c                gecko_cmd_hardware_read_adc_channel
                0x000254bc                gecko_cmd_hardware_config_adc_reference
                0x000254e8                gecko_cmd_hardware_configure_gpio
                0x0002551c                gecko_cmd_hardware_write_gpio
                0x00025580                gecko_cmd_hardware_read_gpio
                0x000255e0                gecko_cmd_hardware_set_uart_configuration
                0x00025658                clock_outputs_init
                0x000256a0                bgapi_hardware_init
 .text          0x000256f0      0x1d0 C:/SiliconLabs/SimplicityStudio/v4/developer/sdks/gecko_sdk_suite/v1.0//protocol/bluetooth_2.3/lib/EFR32BG1B/GCC/bgapi.a(bgapi_hardware.c.obj)
                0x000256f0                soft_timer_comparison
                0x00025784                bgapi_hardware_soft_timer_listener
                0x000257c4                lib_hardware_handler_init
                0x000257d8                gecko_cmd_hardware_set_soft_timer
                0x00025818                gecko_cmd_hardware_set_lazy_soft_timer
                0x00025858                gecko_cmd_hardware_get_time
                0x0002588c                gecko_cmd_hardware_enable_dcdc
 .text          0x000258c0      0x200 C:/SiliconLabs/SimplicityStudio/v4/developer/sdks/gecko_sdk_suite/v1.0//protocol/bluetooth_2.3/lib/EFR32BG1B/GCC/bgapi.a(bgapi_test_lib.c.obj)
                0x000258c0                lib_test_handler_init
                0x000258c2                disable_interrupts
                0x000258e6                gecko_cmd_test_dtm_tx
                0x00025918                gecko_cmd_test_dtm_rx
                0x00025948                gecko_cmd_test_dtm_end
                0x00025974                gecko_cmd_test_debug_command
                0x00025a44                gecko_cmd_test_debug_counter
 .text          0x00025ac0      0x158 C:/SiliconLabs/SimplicityStudio/v4/developer/sdks/gecko_sdk_suite/v1.0//protocol/bluetooth_2.3/lib/EFR32BG1B/GCC/bgapi.a(bgapi_util.c.obj)
                0x00025af8                lib_util_handler_init
                0x00025afa                gecko_cmd_util_atoi
                0x00025b50                gecko_cmd_util_itoa
 .text          0x00025c18       0x8c C:/SiliconLabs/SimplicityStudio/v4/developer/sdks/gecko_sdk_suite/v1.0//protocol/bluetooth_2.3/lib/EFR32BG1B/GCC/bgapi.a(bgapi_dfu.c.obj)
                0x00025c18                lib_dfu_handler_init
                0x00025c1a                gecko_cmd_dfu_reset
                0x00025c20                gecko_cmd_dfu_flash_set_address
                0x00025c4c                gecko_cmd_dfu_flash_upload
                0x00025c78                gecko_cmd_dfu_flash_upload_finish
 .text          0x00025ca4      0x308 C:/SiliconLabs/SimplicityStudio/v4/developer/sdks/gecko_sdk_suite/v1.0//protocol/bluetooth_2.3/lib/EFR32BG1B/GCC/bgapi.a(bgapi_gap.c.obj)
                0x00025ca4                lib_le_gap_handler_init
                0x00025ca6                gecko_cmd_le_gap_set_mode
                0x00025cec                gecko_cmd_le_gap_bt5_set_mode
                0x00025d2c                gecko_cmd_le_gap_set_adv_data
                0x00025d60                gecko_cmd_le_gap_bt5_set_adv_data
                0x00025d94                gecko_cmd_le_gap_set_adv_timeout
                0x00025de8                gecko_cmd_le_gap_open
                0x00025e50                gecko_cmd_le_gap_discover
                0x00025e7c                gecko_cmd_le_gap_end_procedure
                0x00025ea8                gecko_cmd_le_gap_set_adv_parameters
                0x00025edc                gecko_cmd_le_gap_bt5_set_adv_parameters
                0x00025f18                gecko_cmd_le_gap_set_scan_parameters
                0x00025f48                gecko_cmd_le_gap_set_conn_parameters
                0x00025f80                gecko_cmd_le_gap_set_phy
 .text          0x00025fac      0x644 C:/SiliconLabs/SimplicityStudio/v4/developer/sdks/gecko_sdk_suite/v1.0//protocol/bluetooth_2.3/lib/EFR32BG1B/GCC/bgapi.a(bgapi_gatt_lib.c.obj)
                0x00025fac                lib_gatt_handler_init
                0x00025fae                lib_gatt_server_handler_init
                0x00025fb0                gecko_cmd_gatt_set_max_mtu
                0x00025fec                gecko_cmd_gatt_discover_primary_services
                0x0002601c                gecko_cmd_gatt_discover_primary_services_by_uuid
                0x00026058                gecko_cmd_gatt_find_included_services
                0x0002608c                gecko_cmd_gatt_discover_characteristics
                0x000260c0                gecko_cmd_gatt_discover_characteristics_by_uuid
                0x00026100                gecko_cmd_gatt_read_characteristic_value
                0x00026138                gecko_cmd_gatt_read_characteristic_value_from_offset
                0x00026174                gecko_cmd_gatt_read_characteristic_value_by_uuid
                0x000261b4                gecko_cmd_gatt_read_multiple_characteristic_values
                0x000261e8                gecko_cmd_gatt_write_characteristic_value
                0x00026220                gecko_cmd_gatt_write_characteristic_value_without_response
                0x00026264                gecko_cmd_gatt_prepare_characteristic_value_write
                0x000262b4                gecko_cmd_gatt_execute_characteristic_value_write
                0x000262e8                gecko_cmd_gatt_set_characteristic_notification
                0x00026320                gecko_cmd_gatt_discover_descriptors
                0x00026354                gecko_cmd_gatt_read_descriptor_value
                0x00026388                gecko_cmd_gatt_write_descriptor_value
                0x000263c0                gecko_cmd_gatt_server_read_attribute_value
                0x00026408                gecko_cmd_gatt_server_read_attribute_type
                0x0002644c                gecko_cmd_gatt_server_find_attribute
                0x00026488                gecko_cmd_gatt_server_write_attribute_value
                0x000264bc                gecko_cmd_gatt_server_send_user_read_response
                0x0002650c                gecko_cmd_gatt_server_send_user_write_response
                0x00026544                gecko_cmd_gatt_server_send_characteristic_notification
                0x00026590                gecko_cmd_gatt_send_characteristic_confirmation
                0x000265c0                gecko_cmd_gatt_server_set_database
 .text          0x000265f0      0x17c C:/SiliconLabs/SimplicityStudio/v4/developer/sdks/gecko_sdk_suite/v1.0//protocol/bluetooth_2.3/lib/EFR32BG1B/GCC/bgapi.a(bgapi_ps.c.obj)
                0x000265f0                lib_flash_handler_init
                0x000265f2                gecko_cmd_flash_ps_dump
                0x00026688                gecko_cmd_flash_ps_erase_all
                0x000266b8                gecko_cmd_flash_ps_save
                0x000266f4                gecko_cmd_flash_ps_load
                0x00026738                gecko_cmd_flash_ps_erase
 .text          0x0002676c      0x3cc C:/SiliconLabs/SimplicityStudio/v4/developer/sdks/gecko_sdk_suite/v1.0//protocol/bluetooth_2.3/lib/EFR32BG1B/GCC/bgapi.a(bgapi_sm.c.obj)
                0x00026834                lib_sm_handler_init
                0x00026848                gecko_cmd_sm_list_all_bondings
                0x00026880                gecko_cmd_sm_increase_security
                0x000268b0                gecko_cmd_sm_set_bondable_mode
                0x000268dc                gecko_cmd_sm_delete_bonding
                0x0002690c                gecko_cmd_sm_delete_bondings
                0x0002693c                gecko_cmd_sm_configure
                0x0002696c                gecko_cmd_sm_enter_passkey
                0x000269a0                gecko_cmd_sm_set_passkey
                0x000269cc                gecko_cmd_sm_passkey_confirm
                0x00026a00                gecko_cmd_sm_set_oob_data
                0x00026a30                gecko_cmd_sm_set_sc_remote_oob_data
                0x00026a60                gecko_cmd_sm_use_sc_oob
                0x00026aa0                gecko_cmd_sm_store_bonding_configuration
                0x00026ad4                gecko_cmd_sm_bonding_confirm
                0x00026b08                gecko_cmd_sm_set_debug_mode
 .text          0x00026b38      0x114 C:/SiliconLabs/SimplicityStudio/v4/developer/sdks/gecko_sdk_suite/v1.0//protocol/bluetooth_2.3/lib/EFR32BG1B/GCC/bgapi.a(bgapi_system.c.obj)
                0x00026b38                lib_system_handler_init
                0x00026b3a                gecko_cmd_system_get_bt_address
                0x00026b70                gecko_cmd_system_get_random_data
                0x00026bb8                gecko_cmd_system_halt
                0x00026bec                gecko_cmd_system_set_tx_power
                0x00026c1c                gecko_cmd_system_hello
                0x00026c44                gecko_cmd_system_reset
 .text          0x00026c4c      0x1ac C:/SiliconLabs/SimplicityStudio/v4/developer/sdks/gecko_sdk_suite/v1.0//protocol/bluetooth_2.3/lib/EFR32BG1B/GCC/bgapi.a(bgapi_endpoint.c.obj)
                0x00026c4c                lib_endpoint_handler_init
                0x00026c4e                gecko_cmd_endpoint_send
                0x00026cf8                gecko_cmd_endpoint_set_streaming_destination
                0x00026d50                gecko_cmd_endpoint_close
                0x00026dac                gecko_cmd_endpoint_set_flags
                0x00026dae                gecko_cmd_endpoint_clr_flags
                0x00026db0                gecko_cmd_endpoint_read_counters
 .text          0x00026df8      0x104 C:/SiliconLabs/SimplicityStudio/v4/developer/sdks/gecko_sdk_suite/v1.0//protocol/bluetooth_2.3/lib/EFR32BG1B/GCC/bgapi.a(bgapi_le_connection.c.obj)
                0x00026df8                lib_le_connection_handler_init
                0x00026dfa                gecko_cmd_le_connection_set_parameters
                0x00026e48                gecko_cmd_le_connection_get_rssi
                0x00026e78                gecko_cmd_le_connection_disable_slave_latency
                0x00026ec0                gecko_cmd_le_connection_set_phy
 .text          0x00026efc      0x220 C:/SiliconLabs/SimplicityStudio/v4/developer/sdks/gecko_sdk_suite/v1.0//protocol/bluetooth_2.3/lib/EFR32BG1B/GCC/bgapi.a(uart_endpoint.c.obj)
                0x00026f5c                uart_output_available
                0x00026f60                uart_transparent_input
                0x00026f9e                uart_endpoint_func
                0x00027052                uart_change_flags
                0x00027060                init_uart_endpoints
 .text          0x0002711c      0x17c C:/SiliconLabs/SimplicityStudio/v4/developer/sdks/gecko_sdk_suite/v1.0//protocol/bluetooth_2.3/lib/EFR32BG1B/GCC/bgapi.a(bgapi_endpoint.c.obj)
                0x00027248                init_bgapi_endpoints
 .text          0x00027298       0xc8 C:/SiliconLabs/SimplicityStudio/v4/developer/sdks/gecko_sdk_suite/v1.0//protocol/bluetooth_2.3/lib/EFR32BG1B/GCC/bgapi.a(adc.c.obj)
                0x00027298                adc_read_channel
                0x000272c8                adc_read_port
                0x000272d8                adc_config_reference
                0x0002730c                adc_init
 .text          0x00027360      0x160 C:/SiliconLabs/SimplicityStudio/v4/developer/sdks/gecko_sdk_suite/v1.0//protocol/bluetooth_2.3/lib/EFR32BG1B/GCC/bgapi.a(gpio.c.obj)
                0x000273d8                gpio_location_to_port
                0x000273e8                gpio_location_to_pin_index
                0x000273fc                gpios_init
 .text          0x000274c0      0x218 C:/SiliconLabs/SimplicityStudio/v4/developer/sdks/gecko_sdk_suite/v1.0//protocol/bluetooth_2.3/lib/EFR32BG1B/GCC/bgapi.a(i2c.c.obj)
                0x000274c0                i2c_init
                0x0002754c                i2c_stop
                0x0002756c                i2c_reset
                0x0002758c                i2c_read
                0x00027638                i2c_write
 .text          0x000276d8      0x160 C:/SiliconLabs/SimplicityStudio/v4/developer/sdks/gecko_sdk_suite/v1.0//protocol/bluetooth_2.3/lib/EFR32BG1B/GCC/bgapi.a(sleep_signal.c.obj)
                0x00027708                sleep_signal_init
                0x00027768                sleep_signal_update
                0x000277d4                host_wakeup_signal_init
                0x00027810                host_wakeup_signal_update
 .text          0x00027838      0x89c C:/SiliconLabs/SimplicityStudio/v4/developer/sdks/gecko_sdk_suite/v1.0//protocol/bluetooth_2.3/lib/EFR32BG1B/GCC/bgapi.a(uart.c.obj)
                0x00027838                LEUART0_IRQGeckoHandler
                0x0002783a                USART1_TX_IRQGeckoHandler
                0x00027964                USART0_TX_IRQGeckoHandler
                0x00027b14                USART1_RX_IRQGeckoHandler
                0x00027b20                USART0_RX_IRQGeckoHandler
                0x00027b40                uart_update
                0x00027b58                uart_configure
                0x00027c2c                uart_event_register
                0x00027c3c                uarts_init
                0x00027fc0                uart_get_flags
                0x00027fd0                uart_write_bgbuf
                0x00028010                uart_read_bgbuf
                0x00028098                uart_sleep
 .text          0x000280d4      0x370 c:/siliconlabs/simplicitystudio/v4/developer/toolchains/gnu_arm/4.9_2015q3/bin/../lib/gcc/arm-none-eabi/4.9.3/armv7e-m/softfp\libgcc.a(_arm_addsubdf3.o)
                0x000280d4                __aeabi_drsub
                0x000280dc                __aeabi_dsub
                0x000280dc                __subdf3
                0x000280e0                __aeabi_dadd
                0x000280e0                __adddf3
                0x00028358                __floatunsidf
                0x00028358                __aeabi_ui2d
                0x00028378                __floatsidf
                0x00028378                __aeabi_i2d
                0x0002839c                __aeabi_f2d
                0x0002839c                __extendsfdf2
                0x000283d8                __floatundidf
                0x000283d8                __aeabi_ul2d
                0x000283e8                __floatdidf
                0x000283e8                __aeabi_l2d
 .text          0x00028444      0x424 c:/siliconlabs/simplicitystudio/v4/developer/toolchains/gnu_arm/4.9_2015q3/bin/../lib/gcc/arm-none-eabi/4.9.3/armv7e-m/softfp\libgcc.a(_arm_muldivdf3.o)
                0x00028444                __aeabi_dmul
                0x00028444                __muldf3
                0x00028698                __divdf3
                0x00028698                __aeabi_ddiv
 .text          0x00028868       0xa0 c:/siliconlabs/simplicitystudio/v4/developer/toolchains/gnu_arm/4.9_2015q3/bin/../lib/gcc/arm-none-eabi/4.9.3/armv7e-m/softfp\libgcc.a(_arm_truncdfsf2.o)
                0x00028868                __truncdfsf2
                0x00028868                __aeabi_d2f
 .text          0x00028908       0x30 c:/siliconlabs/simplicitystudio/v4/developer/toolchains/gnu_arm/4.9_2015q3/bin/../lib/gcc/arm-none-eabi/4.9.3/armv7e-m/softfp\libgcc.a(_aeabi_uldivmod.o)
                0x00028908                __aeabi_uldivmod
 .text          0x00028938       0x60 c:/siliconlabs/simplicitystudio/v4/developer/toolchains/gnu_arm/4.9_2015q3/bin/../lib/gcc/arm-none-eabi/4.9.3/armv7e-m/softfp\libgcc.a(bpabi.o)
                0x00028938                __gnu_ldivmod_helper
                0x00028968                __gnu_uldivmod_helper
 .text          0x00028998        0x4 c:/siliconlabs/simplicitystudio/v4/developer/toolchains/gnu_arm/4.9_2015q3/bin/../lib/gcc/arm-none-eabi/4.9.3/armv7e-m/softfp\libgcc.a(_dvmd_tls.o)
                0x00028998                __aeabi_idiv0
                0x00028998                __aeabi_ldiv0
 .text          0x0002899c      0x29c c:/siliconlabs/simplicitystudio/v4/developer/toolchains/gnu_arm/4.9_2015q3/bin/../lib/gcc/arm-none-eabi/4.9.3/armv7e-m/softfp\libgcc.a(_divdi3.o)
                0x0002899c                __divdi3
 .text          0x00028c38      0x26c c:/siliconlabs/simplicitystudio/v4/developer/toolchains/gnu_arm/4.9_2015q3/bin/../lib/gcc/arm-none-eabi/4.9.3/armv7e-m/softfp\libgcc.a(_udivdi3.o)
                0x00028c38                __udivdi3
 .text.exit     0x00028ea4       0x20 c:/siliconlabs/simplicitystudio/v4/developer/toolchains/gnu_arm/4.9_2015q3/bin/../lib/gcc/arm-none-eabi/4.9.3/../../../../arm-none-eabi/lib/armv7e-m/softfp\libc.a(lib_a-exit.o)
                0x00028ea4                exit
 .text.__libc_init_array
                0x00028ec4       0x50 c:/siliconlabs/simplicitystudio/v4/developer/toolchains/gnu_arm/4.9_2015q3/bin/../lib/gcc/arm-none-eabi/4.9.3/../../../../arm-none-eabi/lib/armv7e-m/softfp\libc.a(lib_a-init.o)
                0x00028ec4                __libc_init_array
 .text          0x00028f14      0x134 c:/siliconlabs/simplicitystudio/v4/developer/toolchains/gnu_arm/4.9_2015q3/bin/../lib/gcc/arm-none-eabi/4.9.3/../../../../arm-none-eabi/lib/armv7e-m/softfp\libc.a(lib_a-memcpy.o)
                0x00028f14                memcpy
 .text.memset   0x00029048       0x9c c:/siliconlabs/simplicitystudio/v4/developer/toolchains/gnu_arm/4.9_2015q3/bin/../lib/gcc/arm-none-eabi/4.9.3/../../../../arm-none-eabi/lib/armv7e-m/softfp\libc.a(lib_a-memset.o)
                0x00029048                memset
 .text.snprintf
                0x000290e4       0x9c c:/siliconlabs/simplicitystudio/v4/developer/toolchains/gnu_arm/4.9_2015q3/bin/../lib/gcc/arm-none-eabi/4.9.3/../../../../arm-none-eabi/lib/armv7e-m/softfp\libc.a(lib_a-snprintf.o)
                0x000290e4                snprintf
 .text.strlen   0x00029180       0x5c c:/siliconlabs/simplicitystudio/v4/developer/toolchains/gnu_arm/4.9_2015q3/bin/../lib/gcc/arm-none-eabi/4.9.3/../../../../arm-none-eabi/lib/armv7e-m/softfp\libc.a(lib_a-strlen.o)
                0x00029180                strlen
 *fill*         0x000291dc        0x4 
 .text._svfprintf_r
                0x000291e0     0x14d0 c:/siliconlabs/simplicitystudio/v4/developer/toolchains/gnu_arm/4.9_2015q3/bin/../lib/gcc/arm-none-eabi/4.9.3/../../../../arm-none-eabi/lib/armv7e-m/softfp\libc.a(lib_a-svfprintf.o)
                0x000291e0                _svfprintf_r
 .text.startup.register_fini
                0x0002a6b0       0x14 c:/siliconlabs/simplicitystudio/v4/developer/toolchains/gnu_arm/4.9_2015q3/bin/../lib/gcc/arm-none-eabi/4.9.3/../../../../arm-none-eabi/lib/armv7e-m/softfp\libc.a(lib_a-__call_atexit.o)
 .text.__call_exitprocs
                0x0002a6c4       0xd4 c:/siliconlabs/simplicitystudio/v4/developer/toolchains/gnu_arm/4.9_2015q3/bin/../lib/gcc/arm-none-eabi/4.9.3/../../../../arm-none-eabi/lib/armv7e-m/softfp\libc.a(lib_a-__call_atexit.o)
                0x0002a6c4                __call_exitprocs
 .text.atexit   0x0002a798        0xc c:/siliconlabs/simplicitystudio/v4/developer/toolchains/gnu_arm/4.9_2015q3/bin/../lib/gcc/arm-none-eabi/4.9.3/../../../../arm-none-eabi/lib/armv7e-m/softfp\libc.a(lib_a-atexit.o)
                0x0002a798                atexit
 .text.quorem   0x0002a7a4      0x12c c:/siliconlabs/simplicitystudio/v4/developer/toolchains/gnu_arm/4.9_2015q3/bin/../lib/gcc/arm-none-eabi/4.9.3/../../../../arm-none-eabi/lib/armv7e-m/softfp\libc.a(lib_a-dtoa.o)
 .text._dtoa_r  0x0002a8d0      0xe90 c:/siliconlabs/simplicitystudio/v4/developer/toolchains/gnu_arm/4.9_2015q3/bin/../lib/gcc/arm-none-eabi/4.9.3/../../../../arm-none-eabi/lib/armv7e-m/softfp\libc.a(lib_a-dtoa.o)
                0x0002a8d0                _dtoa_r
 .text.__libc_fini_array
                0x0002b760       0x2c c:/siliconlabs/simplicitystudio/v4/developer/toolchains/gnu_arm/4.9_2015q3/bin/../lib/gcc/arm-none-eabi/4.9.3/../../../../arm-none-eabi/lib/armv7e-m/softfp\libc.a(lib_a-fini.o)
                0x0002b760                __libc_fini_array
 .text._localeconv_r
                0x0002b78c        0x8 c:/siliconlabs/simplicitystudio/v4/developer/toolchains/gnu_arm/4.9_2015q3/bin/../lib/gcc/arm-none-eabi/4.9.3/../../../../arm-none-eabi/lib/armv7e-m/softfp\libc.a(lib_a-locale.o)
                0x0002b78c                _localeconv_r
 .text._malloc_r
                0x0002b794      0x524 c:/siliconlabs/simplicitystudio/v4/developer/toolchains/gnu_arm/4.9_2015q3/bin/../lib/gcc/arm-none-eabi/4.9.3/../../../../arm-none-eabi/lib/armv7e-m/softfp\libc.a(lib_a-mallocr.o)
                0x0002b794                _malloc_r
 .text.memchr   0x0002bcb8       0x94 c:/siliconlabs/simplicitystudio/v4/developer/toolchains/gnu_arm/4.9_2015q3/bin/../lib/gcc/arm-none-eabi/4.9.3/../../../../arm-none-eabi/lib/armv7e-m/softfp\libc.a(lib_a-memchr.o)
                0x0002bcb8                memchr
 .text.__malloc_lock
                0x0002bd4c        0x4 c:/siliconlabs/simplicitystudio/v4/developer/toolchains/gnu_arm/4.9_2015q3/bin/../lib/gcc/arm-none-eabi/4.9.3/../../../../arm-none-eabi/lib/armv7e-m/softfp\libc.a(lib_a-mlock.o)
                0x0002bd4c                __malloc_lock
 .text.__malloc_unlock
                0x0002bd50        0x4 c:/siliconlabs/simplicitystudio/v4/developer/toolchains/gnu_arm/4.9_2015q3/bin/../lib/gcc/arm-none-eabi/4.9.3/../../../../arm-none-eabi/lib/armv7e-m/softfp\libc.a(lib_a-mlock.o)
                0x0002bd50                __malloc_unlock
 .text._Balloc  0x0002bd54       0x4c c:/siliconlabs/simplicitystudio/v4/developer/toolchains/gnu_arm/4.9_2015q3/bin/../lib/gcc/arm-none-eabi/4.9.3/../../../../arm-none-eabi/lib/armv7e-m/softfp\libc.a(lib_a-mprec.o)
                0x0002bd54                _Balloc
 .text._Bfree   0x0002bda0       0x14 c:/siliconlabs/simplicitystudio/v4/developer/toolchains/gnu_arm/4.9_2015q3/bin/../lib/gcc/arm-none-eabi/4.9.3/../../../../arm-none-eabi/lib/armv7e-m/softfp\libc.a(lib_a-mprec.o)
                0x0002bda0                _Bfree
 .text.__multadd
                0x0002bdb4       0x84 c:/siliconlabs/simplicitystudio/v4/developer/toolchains/gnu_arm/4.9_2015q3/bin/../lib/gcc/arm-none-eabi/4.9.3/../../../../arm-none-eabi/lib/armv7e-m/softfp\libc.a(lib_a-mprec.o)
                0x0002bdb4                __multadd
 .text.__hi0bits
                0x0002be38       0x40 c:/siliconlabs/simplicitystudio/v4/developer/toolchains/gnu_arm/4.9_2015q3/bin/../lib/gcc/arm-none-eabi/4.9.3/../../../../arm-none-eabi/lib/armv7e-m/softfp\libc.a(lib_a-mprec.o)
                0x0002be38                __hi0bits
 .text.__lo0bits
                0x0002be78       0x5c c:/siliconlabs/simplicitystudio/v4/developer/toolchains/gnu_arm/4.9_2015q3/bin/../lib/gcc/arm-none-eabi/4.9.3/../../../../arm-none-eabi/lib/armv7e-m/softfp\libc.a(lib_a-mprec.o)
                0x0002be78                __lo0bits
 .text.__i2b    0x0002bed4       0x14 c:/siliconlabs/simplicitystudio/v4/developer/toolchains/gnu_arm/4.9_2015q3/bin/../lib/gcc/arm-none-eabi/4.9.3/../../../../arm-none-eabi/lib/armv7e-m/softfp\libc.a(lib_a-mprec.o)
                0x0002bed4                __i2b
 .text.__multiply
                0x0002bee8      0x134 c:/siliconlabs/simplicitystudio/v4/developer/toolchains/gnu_arm/4.9_2015q3/bin/../lib/gcc/arm-none-eabi/4.9.3/../../../../arm-none-eabi/lib/armv7e-m/softfp\libc.a(lib_a-mprec.o)
                0x0002bee8                __multiply
 .text.__pow5mult
                0x0002c01c       0xa0 c:/siliconlabs/simplicitystudio/v4/developer/toolchains/gnu_arm/4.9_2015q3/bin/../lib/gcc/arm-none-eabi/4.9.3/../../../../arm-none-eabi/lib/armv7e-m/softfp\libc.a(lib_a-mprec.o)
                0x0002c01c                __pow5mult
 .text.__lshift
                0x0002c0bc       0xac c:/siliconlabs/simplicitystudio/v4/developer/toolchains/gnu_arm/4.9_2015q3/bin/../lib/gcc/arm-none-eabi/4.9.3/../../../../arm-none-eabi/lib/armv7e-m/softfp\libc.a(lib_a-mprec.o)
                0x0002c0bc                __lshift
 .text.__mcmp   0x0002c168       0x48 c:/siliconlabs/simplicitystudio/v4/developer/toolchains/gnu_arm/4.9_2015q3/bin/../lib/gcc/arm-none-eabi/4.9.3/../../../../arm-none-eabi/lib/armv7e-m/softfp\libc.a(lib_a-mprec.o)
                0x0002c168                __mcmp
 .text.__mdiff  0x0002c1b0       0xd4 c:/siliconlabs/simplicitystudio/v4/developer/toolchains/gnu_arm/4.9_2015q3/bin/../lib/gcc/arm-none-eabi/4.9.3/../../../../arm-none-eabi/lib/armv7e-m/softfp\libc.a(lib_a-mprec.o)
                0x0002c1b0                __mdiff
 .text.__d2b    0x0002c284       0xb8 c:/siliconlabs/simplicitystudio/v4/developer/toolchains/gnu_arm/4.9_2015q3/bin/../lib/gcc/arm-none-eabi/4.9.3/../../../../arm-none-eabi/lib/armv7e-m/softfp\libc.a(lib_a-mprec.o)
                0x0002c284                __d2b
 .text.__fpclassifyd
                0x0002c33c       0x58 c:/siliconlabs/simplicitystudio/v4/developer/toolchains/gnu_arm/4.9_2015q3/bin/../lib/gcc/arm-none-eabi/4.9.3/../../../../arm-none-eabi/lib/armv7e-m/softfp\libc.a(lib_a-s_fpclassify.o)
                0x0002c33c                __fpclassifyd
 .text._sbrk_r  0x0002c394       0x24 c:/siliconlabs/simplicitystudio/v4/developer/toolchains/gnu_arm/4.9_2015q3/bin/../lib/gcc/arm-none-eabi/4.9.3/../../../../arm-none-eabi/lib/armv7e-m/softfp\libc.a(lib_a-sbrkr.o)
                0x0002c394                _sbrk_r
 .text.__ssprint_r
                0x0002c3b8      0x104 c:/siliconlabs/simplicitystudio/v4/developer/toolchains/gnu_arm/4.9_2015q3/bin/../lib/gcc/arm-none-eabi/4.9.3/../../../../arm-none-eabi/lib/armv7e-m/softfp\libc.a(lib_a-svfiprintf.o)
                0x0002c3b8                __ssprint_r
 .text.__register_exitproc
                0x0002c4bc       0xa4 c:/siliconlabs/simplicitystudio/v4/developer/toolchains/gnu_arm/4.9_2015q3/bin/../lib/gcc/arm-none-eabi/4.9.3/../../../../arm-none-eabi/lib/armv7e-m/softfp\libc.a(lib_a-__atexit.o)
                0x0002c4bc                __register_exitproc
 .text._calloc_r
                0x0002c560       0x60 c:/siliconlabs/simplicitystudio/v4/developer/toolchains/gnu_arm/4.9_2015q3/bin/../lib/gcc/arm-none-eabi/4.9.3/../../../../arm-none-eabi/lib/armv7e-m/softfp\libc.a(lib_a-callocr.o)
                0x0002c560                _calloc_r
 .text._malloc_trim_r
                0x0002c5c0       0x9c c:/siliconlabs/simplicitystudio/v4/developer/toolchains/gnu_arm/4.9_2015q3/bin/../lib/gcc/arm-none-eabi/4.9.3/../../../../arm-none-eabi/lib/armv7e-m/softfp\libc.a(lib_a-freer.o)
                0x0002c5c0                _malloc_trim_r
 .text._free_r  0x0002c65c      0x1b0 c:/siliconlabs/simplicitystudio/v4/developer/toolchains/gnu_arm/4.9_2015q3/bin/../lib/gcc/arm-none-eabi/4.9.3/../../../../arm-none-eabi/lib/armv7e-m/softfp\libc.a(lib_a-freer.o)
                0x0002c65c                _free_r
 .text.memmove  0x0002c80c       0xc8 c:/siliconlabs/simplicitystudio/v4/developer/toolchains/gnu_arm/4.9_2015q3/bin/../lib/gcc/arm-none-eabi/4.9.3/../../../../arm-none-eabi/lib/armv7e-m/softfp\libc.a(lib_a-memmove.o)
                0x0002c80c                memmove
 .text._realloc_r
                0x0002c8d4      0x3ec c:/siliconlabs/simplicitystudio/v4/developer/toolchains/gnu_arm/4.9_2015q3/bin/../lib/gcc/arm-none-eabi/4.9.3/../../../../arm-none-eabi/lib/armv7e-m/softfp\libc.a(lib_a-reallocr.o)
                0x0002c8d4                _realloc_r
 .text._sbrk    0x0002ccc0       0x1c c:/siliconlabs/simplicitystudio/v4/developer/toolchains/gnu_arm/4.9_2015q3/bin/../lib/gcc/arm-none-eabi/4.9.3/../../../../arm-none-eabi/lib/armv7e-m/softfp\libnosys.a(sbrk.o)
                0x0002ccc0                _sbrk
 .text._exit    0x0002ccdc        0x4 c:/siliconlabs/simplicitystudio/v4/developer/toolchains/gnu_arm/4.9_2015q3/bin/../lib/gcc/arm-none-eabi/4.9.3/../../../../arm-none-eabi/lib/armv7e-m/softfp\libnosys.a(_exit.o)
                0x0002ccdc                _exit
 .text          0x0002cce0      0x110 c:/siliconlabs/simplicitystudio/v4/developer/toolchains/gnu_arm/4.9_2015q3/bin/../lib/gcc/arm-none-eabi/4.9.3/armv7e-m/softfp\libgcc.a(_arm_cmpdf2.o)
                0x0002cce0                __gtdf2
                0x0002cce0                __gedf2
                0x0002cce8                __ltdf2
                0x0002cce8                __ledf2
                0x0002ccf0                __nedf2
                0x0002ccf0                __eqdf2
                0x0002ccf0                __cmpdf2
                0x0002cd6c                __aeabi_cdrcmple
                0x0002cd7c                __aeabi_cdcmpeq
                0x0002cd7c                __aeabi_cdcmple
                0x0002cd8c                __aeabi_dcmpeq
                0x0002cda0                __aeabi_dcmplt
                0x0002cdb4                __aeabi_dcmple
                0x0002cdc8                __aeabi_dcmpge
                0x0002cddc                __aeabi_dcmpgt
 .text          0x0002cdf0       0x50 c:/siliconlabs/simplicitystudio/v4/developer/toolchains/gnu_arm/4.9_2015q3/bin/../lib/gcc/arm-none-eabi/4.9.3/armv7e-m/softfp\libgcc.a(_arm_fixdfsi.o)
                0x0002cdf0                __aeabi_d2iz
                0x0002cdf0                __fixdfsi
 *(.init)
 .init          0x0002ce40        0x4 c:/siliconlabs/simplicitystudio/v4/developer/toolchains/gnu_arm/4.9_2015q3/bin/../lib/gcc/arm-none-eabi/4.9.3/armv7e-m/softfp/crti.o
                0x0002ce40                _init
 .init          0x0002ce44        0x8 c:/siliconlabs/simplicitystudio/v4/developer/toolchains/gnu_arm/4.9_2015q3/bin/../lib/gcc/arm-none-eabi/4.9.3/armv7e-m/softfp/crtn.o
 *(.fini)
 .fini          0x0002ce4c        0x4 c:/siliconlabs/simplicitystudio/v4/developer/toolchains/gnu_arm/4.9_2015q3/bin/../lib/gcc/arm-none-eabi/4.9.3/armv7e-m/softfp/crti.o
                0x0002ce4c                _fini
 .fini          0x0002ce50        0x8 c:/siliconlabs/simplicitystudio/v4/developer/toolchains/gnu_arm/4.9_2015q3/bin/../lib/gcc/arm-none-eabi/4.9.3/armv7e-m/softfp/crtn.o
 *crtbegin.o(.ctors)
 *crtbegin?.o(.ctors)
 *(EXCLUDE_FILE(*crtend.o *crtend?.o) .ctors)
 *(SORT(.ctors.*))
 *(.ctors)
 *crtbegin.o(.dtors)
 *crtbegin?.o(.dtors)
 *(EXCLUDE_FILE(*crtend.o *crtend?.o) .dtors)
 *(SORT(.dtors.*))
 *(.dtors)
 *(.rodata*)
 .rodata.str1.4
                0x0002ce58       0x1f ./advertisement.o
 *fill*         0x0002ce77        0x1 
 .rodata.str1.4
                0x0002ce78        0x7 ./app.o
 *fill*         0x0002ce7f        0x1 
 .rodata.str1.4
                0x0002ce80       0x20 ./app_hw.o
 .rodata.str1.4
                0x0002cea0       0x57 ./app_ui.o
 *fill*         0x0002cef7        0x1 
 .rodata.str1.4
                0x0002cef8       0x17 ./beacon.o
 *fill*         0x0002cf0f        0x1 
 .rodata.str1.4
                0x0002cf10       0x21 ./htm.o
 *fill*         0x0002cf31        0x3 
 .rodata.str1.4
                0x0002cf34       0x45 ./ia.o
 *fill*         0x0002cf79        0x3 
 .rodata.ptiInit
                0x0002cf7c       0x24 ./main.o
 .rodata.config
                0x0002cfa0       0xe8 ./main.o
 .rodata.str1.4
                0x0002d088        0x4 ./main.o
 .rodata        0x0002d08c        0x4 ./bgapi/dmadrv.o
 .rodata.CSWTCH.45
                0x0002d090        0xc ./emlib/em_cmu.o
 .rodata.CSWTCH.46
                0x0002d09c       0x10 ./emlib/em_cmu.o
 .rodata.CSWTCH.47
                0x0002d0ac       0x10 ./emlib/em_cmu.o
 .rodata.CSWTCH.48
                0x0002d0bc       0x10 ./emlib/em_cmu.o
 .rodata.i2cNSum
                0x0002d0cc        0x4 ./emlib/em_i2c.o
 .rodata.GLIB_FontNarrow6x8
                0x0002d0d0       0x10 ./glib/BRD4300C/glib_font_narrow_6x8.o
                0x0002d0d0                GLIB_FontNarrow6x8
 .rodata.GLIB_FontNarrow6x8PixMap
                0x0002d0e0      0x320 ./glib/BRD4300C/glib_font_narrow_6x8.o
 .rodata.GLIB_FontNormal8x8
                0x0002d400       0x10 ./glib/BRD4300C/glib_font_normal_8x8.o
                0x0002d400                GLIB_FontNormal8x8
 .rodata.GLIB_FontNormal8x8PixMap
                0x0002d410      0x320 ./glib/BRD4300C/glib_font_normal_8x8.o
 .rodata        0x0002d730       0x18 ./kit/BRD4300C/udelay.o
 .rodata.str1.4
                0x0002d748       0x15 ./kit_lcd/BRD4300C/displayls013b7dh03.o
 *fill*         0x0002d75d        0x3 
 .rodata        0x0002d760       0x24 ./kit_lcd/BRD4300C/displaypalemlib.o
 .rodata        0x0002d784       0x60 ./src/InitDevice.o
 .rodata        0x0002d7e4       0x78 C:/SiliconLabs/SimplicityStudio/v4/developer/sdks/gecko_sdk_suite/v1.0//protocol/bluetooth_2.3/lib/EFR32BG1B/GCC/bgapi.a(gecko_bgapi_hardware.c.obj)
 .rodata        0x0002d85c       0x30 C:/SiliconLabs/SimplicityStudio/v4/developer/sdks/gecko_sdk_suite/v1.0//protocol/bluetooth_2.3/lib/EFR32BG1B/GCC/bgapi.a(gecko_bgapi_test.c.obj)
 .rodata        0x0002d88c       0x18 C:/SiliconLabs/SimplicityStudio/v4/developer/sdks/gecko_sdk_suite/v1.0//protocol/bluetooth_2.3/lib/EFR32BG1B/GCC/bgapi.a(gecko_bgapi_util.c.obj)
 .rodata        0x0002d8a4       0x28 C:/SiliconLabs/SimplicityStudio/v4/developer/sdks/gecko_sdk_suite/v1.0//protocol/bluetooth_2.3/lib/EFR32BG1B/GCC/bgapi.a(gecko_bgapi_dfu.c.obj)
 .rodata        0x0002d8cc       0x70 C:/SiliconLabs/SimplicityStudio/v4/developer/sdks/gecko_sdk_suite/v1.0//protocol/bluetooth_2.3/lib/EFR32BG1B/GCC/bgapi.a(gecko_bgapi_gap.c.obj)
 .rodata        0x0002d93c       0xa0 C:/SiliconLabs/SimplicityStudio/v4/developer/sdks/gecko_sdk_suite/v1.0//protocol/bluetooth_2.3/lib/EFR32BG1B/GCC/bgapi.a(gecko_bgapi_gatt.c.obj)
 .rodata        0x0002d9dc       0x48 C:/SiliconLabs/SimplicityStudio/v4/developer/sdks/gecko_sdk_suite/v1.0//protocol/bluetooth_2.3/lib/EFR32BG1B/GCC/bgapi.a(gecko_bgapi_gatt_server.c.obj)
 .rodata        0x0002da24       0x30 C:/SiliconLabs/SimplicityStudio/v4/developer/sdks/gecko_sdk_suite/v1.0//protocol/bluetooth_2.3/lib/EFR32BG1B/GCC/bgapi.a(gecko_bgapi_flash.c.obj)
 .rodata        0x0002da54       0x80 C:/SiliconLabs/SimplicityStudio/v4/developer/sdks/gecko_sdk_suite/v1.0//protocol/bluetooth_2.3/lib/EFR32BG1B/GCC/bgapi.a(gecko_bgapi_sm.c.obj)
 .rodata        0x0002dad4       0x38 C:/SiliconLabs/SimplicityStudio/v4/developer/sdks/gecko_sdk_suite/v1.0//protocol/bluetooth_2.3/lib/EFR32BG1B/GCC/bgapi.a(gecko_bgapi_system.c.obj)
 .rodata        0x0002db0c       0x38 C:/SiliconLabs/SimplicityStudio/v4/developer/sdks/gecko_sdk_suite/v1.0//protocol/bluetooth_2.3/lib/EFR32BG1B/GCC/bgapi.a(gecko_bgapi_endpoint.c.obj)
 .rodata        0x0002db44       0x28 C:/SiliconLabs/SimplicityStudio/v4/developer/sdks/gecko_sdk_suite/v1.0//protocol/bluetooth_2.3/lib/EFR32BG1B/GCC/bgapi.a(gecko_bgapi_le_connection.c.obj)
 .rodata        0x0002db6c       0x18 C:/SiliconLabs/SimplicityStudio/v4/developer/sdks/gecko_sdk_suite/v1.0//protocol/bluetooth_2.3/lib/EFR32BG1B/GCC/bgapi.a(bgapi_sm.c.obj)
 .rodata        0x0002db84       0x18 C:/SiliconLabs/SimplicityStudio/v4/developer/sdks/gecko_sdk_suite/v1.0//protocol/bluetooth_2.3/lib/EFR32BG1B/GCC/bgapi.a(adc.c.obj)
 .rodata        0x0002db9c       0x40 C:/SiliconLabs/SimplicityStudio/v4/developer/sdks/gecko_sdk_suite/v1.0//protocol/bluetooth_2.3/lib/EFR32BG1B/GCC/bgapi.a(gpio.c.obj)
 .rodata        0x0002dbdc       0x10 C:/SiliconLabs/SimplicityStudio/v4/developer/sdks/gecko_sdk_suite/v1.0//protocol/bluetooth_2.3/lib/EFR32BG1B/GCC/bgapi.a(i2c.c.obj)
 .rodata        0x0002dbec       0x60 C:/SiliconLabs/SimplicityStudio/v4/developer/sdks/gecko_sdk_suite/v1.0//protocol/bluetooth_2.3/lib/EFR32BG1B/GCC/bgapi.a(uart.c.obj)
 .rodata.str1.4
                0x0002dc4c        0x2 c:/siliconlabs/simplicitystudio/v4/developer/toolchains/gnu_arm/4.9_2015q3/bin/../lib/gcc/arm-none-eabi/4.9.3/../../../../arm-none-eabi/lib/armv7e-m/softfp\libc.a(lib_a-impure.o)
 *fill*         0x0002dc4e        0x2 
 .rodata._global_impure_ptr
                0x0002dc50        0x4 c:/siliconlabs/simplicitystudio/v4/developer/toolchains/gnu_arm/4.9_2015q3/bin/../lib/gcc/arm-none-eabi/4.9.3/../../../../arm-none-eabi/lib/armv7e-m/softfp\libc.a(lib_a-impure.o)
                0x0002dc50                _global_impure_ptr
 .rodata.zeroes.6911
                0x0002dc54       0x10 c:/siliconlabs/simplicitystudio/v4/developer/toolchains/gnu_arm/4.9_2015q3/bin/../lib/gcc/arm-none-eabi/4.9.3/../../../../arm-none-eabi/lib/armv7e-m/softfp\libc.a(lib_a-svfprintf.o)
 .rodata.blanks.6910
                0x0002dc64       0x10 c:/siliconlabs/simplicitystudio/v4/developer/toolchains/gnu_arm/4.9_2015q3/bin/../lib/gcc/arm-none-eabi/4.9.3/../../../../arm-none-eabi/lib/armv7e-m/softfp\libc.a(lib_a-svfprintf.o)
 .rodata.str1.4
                0x0002dc74       0x42 c:/siliconlabs/simplicitystudio/v4/developer/toolchains/gnu_arm/4.9_2015q3/bin/../lib/gcc/arm-none-eabi/4.9.3/../../../../arm-none-eabi/lib/armv7e-m/softfp\libc.a(lib_a-svfprintf.o)
 *fill*         0x0002dcb6        0x2 
 .rodata.str1.4
                0x0002dcb8       0x10 c:/siliconlabs/simplicitystudio/v4/developer/toolchains/gnu_arm/4.9_2015q3/bin/../lib/gcc/arm-none-eabi/4.9.3/../../../../arm-none-eabi/lib/armv7e-m/softfp\libc.a(lib_a-dtoa.o)
                                 0x12 (size before relaxing)
 .rodata.str1.4
                0x0002dcc8        0xc c:/siliconlabs/simplicitystudio/v4/developer/toolchains/gnu_arm/4.9_2015q3/bin/../lib/gcc/arm-none-eabi/4.9.3/../../../../arm-none-eabi/lib/armv7e-m/softfp\libc.a(lib_a-locale.o)
                                 0x12 (size before relaxing)
 *fill*         0x0002dcd4        0x4 
 .rodata.__mprec_tens
                0x0002dcd8       0xc8 c:/siliconlabs/simplicitystudio/v4/developer/toolchains/gnu_arm/4.9_2015q3/bin/../lib/gcc/arm-none-eabi/4.9.3/../../../../arm-none-eabi/lib/armv7e-m/softfp\libc.a(lib_a-mprec.o)
                0x0002dcd8                __mprec_tens
 .rodata.p05.5302
                0x0002dda0        0xc c:/siliconlabs/simplicitystudio/v4/developer/toolchains/gnu_arm/4.9_2015q3/bin/../lib/gcc/arm-none-eabi/4.9.3/../../../../arm-none-eabi/lib/armv7e-m/softfp\libc.a(lib_a-mprec.o)
 *fill*         0x0002ddac        0x4 
 .rodata.__mprec_bigtens
                0x0002ddb0       0x28 c:/siliconlabs/simplicitystudio/v4/developer/toolchains/gnu_arm/4.9_2015q3/bin/../lib/gcc/arm-none-eabi/4.9.3/../../../../arm-none-eabi/lib/armv7e-m/softfp\libc.a(lib_a-mprec.o)
                0x0002ddb0                __mprec_bigtens
 *(.eh_frame*)
 .eh_frame      0x0002ddd8        0x0 c:/siliconlabs/simplicitystudio/v4/developer/toolchains/gnu_arm/4.9_2015q3/bin/../lib/gcc/arm-none-eabi/4.9.3/armv7e-m/softfp/crtbegin.o
 .eh_frame      0x0002ddd8        0x0 c:/siliconlabs/simplicitystudio/v4/developer/toolchains/gnu_arm/4.9_2015q3/bin/../lib/gcc/arm-none-eabi/4.9.3/../../../../arm-none-eabi/lib/armv7e-m/softfp\libc.a(lib_a-strcmp.o)
                                 0x70 (size before relaxing)
 .eh_frame      0x0002ddd8        0x4 c:/siliconlabs/simplicitystudio/v4/developer/toolchains/gnu_arm/4.9_2015q3/bin/../lib/gcc/arm-none-eabi/4.9.3/armv7e-m/softfp/crtend.o
                0x0002dddc                . = ALIGN (0x4)

.glue_7         0x0002dddc        0x0
 .glue_7        0x00000000        0x0 linker stubs

.glue_7t        0x0002dddc        0x0
 .glue_7t       0x00000000        0x0 linker stubs

.vfp11_veneer   0x0002dddc        0x0
 .vfp11_veneer  0x00000000        0x0 linker stubs

.v4_bx          0x0002dddc        0x0
 .v4_bx         0x00000000        0x0 linker stubs

.iplt           0x0002dddc        0x0
 .iplt          0x00000000        0x0 c:/siliconlabs/simplicitystudio/v4/developer/toolchains/gnu_arm/4.9_2015q3/bin/../lib/gcc/arm-none-eabi/4.9.3/armv7e-m/softfp/crtbegin.o

.igot.plt       0x0002dddc        0x0
 .igot.plt      0x00000000        0x0 c:/siliconlabs/simplicitystudio/v4/developer/toolchains/gnu_arm/4.9_2015q3/bin/../lib/gcc/arm-none-eabi/4.9.3/armv7e-m/softfp/crtbegin.o

.text_app_ARM.extab
 *(.ARM.extab* .gnu.linkonce.armextab.*)
                0x0002dddc                __exidx_start = .

.text_app_ARM.exidx
                0x0002dddc        0x8
 *(.ARM.exidx* .gnu.linkonce.armexidx.*)
 .ARM.exidx     0x0002dddc        0x8 c:/siliconlabs/simplicitystudio/v4/developer/toolchains/gnu_arm/4.9_2015q3/bin/../lib/gcc/arm-none-eabi/4.9.3/../../../../arm-none-eabi/lib/armv7e-m/softfp/crt0.o
 .ARM.exidx     0x0002dde4        0x0 c:/siliconlabs/simplicitystudio/v4/developer/toolchains/gnu_arm/4.9_2015q3/bin/../lib/gcc/arm-none-eabi/4.9.3/armv7e-m/softfp\libgcc.a(_divdi3.o)
                                  0x8 (size before relaxing)
 .ARM.exidx     0x0002dde4        0x0 c:/siliconlabs/simplicitystudio/v4/developer/toolchains/gnu_arm/4.9_2015q3/bin/../lib/gcc/arm-none-eabi/4.9.3/armv7e-m/softfp\libgcc.a(_udivdi3.o)
                                  0x8 (size before relaxing)
                0x0002dde4                __exidx_end = .
                0x0002dde4                __etext = .

.rel.dyn        0x0002dde4        0x0
 .rel.iplt      0x00000000        0x0 c:/siliconlabs/simplicitystudio/v4/developer/toolchains/gnu_arm/4.9_2015q3/bin/../lib/gcc/arm-none-eabi/4.9.3/armv7e-m/softfp/crtbegin.o

.text_app_data  0x20003000      0x96c load address 0x0002dde4
                0x20003000                __data_start__ = .
 *(vtable)
 *(.data*)
 .data.advConnectableMode
                0x20003000        0x1 ./advertisement.o
 *fill*         0x20003001        0x3 
 .data.appUiLedSeqHighAlertReq
                0x20003004        0x8 ./app_ui.o
 .data.appUiLedSeqLowAlertReq
                0x2000300c        0x8 ./app_ui.o
 .data.appUiLedSeqHighAlert
                0x20003014        0x8 ./app_ui.o
 .data.activeReq.8870
                0x2000301c        0x4 ./app_ui.o
 .data.appUiLedSeqLowAlert
                0x20003020       0x20 ./app_ui.o
 .data.button0Released.8874
                0x20003040        0x1 ./app_ui.o
 *fill*         0x20003041        0x3 
 .data.appUiLedSeqOffReq
                0x20003044        0x8 ./app_ui.o
 .data.button1Released.8875
                0x2000304c        0x1 ./app_ui.o
 *fill*         0x2000304d        0x3 
 .data.bcnBeaconAdvData
                0x20003050       0x1e ./beacon.o
 *fill*         0x2000306e        0x2 
 .data.bg_gattdb_data_attribute_field_22_data
                0x20003070        0x2 ./gatt_db.o
                0x20003070                bg_gattdb_data_attribute_field_22_data
 *fill*         0x20003072        0x2 
 .data.bg_gattdb_data_attribute_field_6_data
                0x20003074        0x7 ./gatt_db.o
                0x20003074                bg_gattdb_data_attribute_field_6_data
 *fill*         0x2000307b        0x1 
 .data.bg_gattdb_data_attribute_field_17_data
                0x2000307c        0x1 ./gatt_db.o
                0x2000307c                bg_gattdb_data_attribute_field_17_data
 *fill*         0x2000307d        0x3 
 .data.htmDateTime
                0x20003080        0x8 ./htm.o
 .data.htmTempMeas
                0x20003088       0x10 ./htm.o
 .data.htmClientConnection
                0x20003098        0x1 ./htm.o
 *fill*         0x20003099        0x3 
 .data.auxHfrcoFreq
                0x2000309c        0x4 ./emlib/em_cmu.o
 .data.loops_per_jiffy
                0x200030a0        0x4 ./kit/BRD4300C/udelay.o
                0x200030a0                loops_per_jiffy
 .data.pDisplayDeviceDriverInitFunctions
                0x200030a4        0x8 ./kit_lcd/BRD4300C/display.o
 .data.pixelMatrixPool
                0x200030ac        0x4 ./kit_lcd/BRD4300C/displayls013b7dh03.o
 .data          0x200030b0        0x1 C:/SiliconLabs/SimplicityStudio/v4/developer/sdks/gecko_sdk_suite/v1.0//protocol/bluetooth_2.3/lib/EFR32BG1B/GCC/bgapi.a(bgapi_endpoint.c.obj)
 *fill*         0x200030b1        0x3 
 .data          0x200030b4       0x30 C:/SiliconLabs/SimplicityStudio/v4/developer/sdks/gecko_sdk_suite/v1.0//protocol/bluetooth_2.3/lib/EFR32BG1B/GCC/bgapi.a(adc.c.obj)
 *fill*         0x200030e4        0x4 
 .data.impure_data
                0x200030e8      0x428 c:/siliconlabs/simplicitystudio/v4/developer/toolchains/gnu_arm/4.9_2015q3/bin/../lib/gcc/arm-none-eabi/4.9.3/../../../../arm-none-eabi/lib/armv7e-m/softfp\libc.a(lib_a-impure.o)
 .data._impure_ptr
                0x20003510        0x4 c:/siliconlabs/simplicitystudio/v4/developer/toolchains/gnu_arm/4.9_2015q3/bin/../lib/gcc/arm-none-eabi/4.9.3/../../../../arm-none-eabi/lib/armv7e-m/softfp\libc.a(lib_a-impure.o)
                0x20003510                _impure_ptr
 .data.lconv    0x20003514       0x38 c:/siliconlabs/simplicitystudio/v4/developer/toolchains/gnu_arm/4.9_2015q3/bin/../lib/gcc/arm-none-eabi/4.9.3/../../../../arm-none-eabi/lib/armv7e-m/softfp\libc.a(lib_a-locale.o)
 .data.__malloc_av_
                0x2000354c      0x408 c:/siliconlabs/simplicitystudio/v4/developer/toolchains/gnu_arm/4.9_2015q3/bin/../lib/gcc/arm-none-eabi/4.9.3/../../../../arm-none-eabi/lib/armv7e-m/softfp\libc.a(lib_a-mallocr.o)
                0x2000354c                __malloc_av_
 .data.__malloc_trim_threshold
                0x20003954        0x4 c:/siliconlabs/simplicitystudio/v4/developer/toolchains/gnu_arm/4.9_2015q3/bin/../lib/gcc/arm-none-eabi/4.9.3/../../../../arm-none-eabi/lib/armv7e-m/softfp\libc.a(lib_a-mallocr.o)
                0x20003954                __malloc_trim_threshold
 .data.__malloc_sbrk_base
                0x20003958        0x4 c:/siliconlabs/simplicitystudio/v4/developer/toolchains/gnu_arm/4.9_2015q3/bin/../lib/gcc/arm-none-eabi/4.9.3/../../../../arm-none-eabi/lib/armv7e-m/softfp\libc.a(lib_a-mallocr.o)
                0x20003958                __malloc_sbrk_base
                0x2000395c                . = ALIGN (0x4)
 *(.ram)
                0x2000395c                . = ALIGN (0x4)
                0x2000395c                PROVIDE (__preinit_array_start, .)
 *(.preinit_array)
                0x2000395c                PROVIDE (__preinit_array_end, .)
                0x2000395c                . = ALIGN (0x4)
                0x2000395c                PROVIDE (__init_array_start, .)
 *(SORT(.init_array.*))
 .init_array.00000
                0x2000395c        0x4 c:/siliconlabs/simplicitystudio/v4/developer/toolchains/gnu_arm/4.9_2015q3/bin/../lib/gcc/arm-none-eabi/4.9.3/../../../../arm-none-eabi/lib/armv7e-m/softfp\libc.a(lib_a-__call_atexit.o)
 *(.init_array)
 .init_array    0x20003960        0x4 c:/siliconlabs/simplicitystudio/v4/developer/toolchains/gnu_arm/4.9_2015q3/bin/../lib/gcc/arm-none-eabi/4.9.3/armv7e-m/softfp/crtbegin.o
                0x20003964                PROVIDE (__init_array_end, .)
                0x20003964                . = ALIGN (0x4)
                0x20003964                PROVIDE (__fini_array_start, .)
 *(SORT(.fini_array.*))
 *(.fini_array)
 .fini_array    0x20003964        0x4 c:/siliconlabs/simplicitystudio/v4/developer/toolchains/gnu_arm/4.9_2015q3/bin/../lib/gcc/arm-none-eabi/4.9.3/armv7e-m/softfp/crtbegin.o
                0x20003968                PROVIDE (__fini_array_end, .)
 *(.jcr*)
 .jcr           0x20003968        0x0 c:/siliconlabs/simplicitystudio/v4/developer/toolchains/gnu_arm/4.9_2015q3/bin/../lib/gcc/arm-none-eabi/4.9.3/armv7e-m/softfp/crtbegin.o
 .jcr           0x20003968        0x4 c:/siliconlabs/simplicitystudio/v4/developer/toolchains/gnu_arm/4.9_2015q3/bin/../lib/gcc/arm-none-eabi/4.9.3/armv7e-m/softfp/crtend.o
                0x2000396c                . = ALIGN (0x4)
                0x2000396c                __data_end__ = .

.bss            0x2000396c     0x261c load address 0x0002e750
                0x2000396c                . = ALIGN (0x4)
                0x2000396c                __bss_start__ = .
 *(.bss*)
 .bss           0x2000396c       0x1c c:/siliconlabs/simplicitystudio/v4/developer/toolchains/gnu_arm/4.9_2015q3/bin/../lib/gcc/arm-none-eabi/4.9.3/armv7e-m/softfp/crtbegin.o
 .bss.advIsConnected
                0x20003988        0x1 ./advertisement.o
 .bss.boot_to_dfu.8707
                0x20003989        0x1 ./app.o
 .bss.si7013_status
                0x2000398a        0x1 ./app_hw.o
 *fill*         0x2000398b        0x1 
 .bss.appUiLedSeqReq
                0x2000398c        0x4 ./app_ui.o
 .bss.button1Time.8877
                0x20003990        0x2 ./app_ui.o
 .bss.pos.8869  0x20003992        0x1 ./app_ui.o
 .bss.appUiRcDischargeDone.8862
                0x20003993        0x1 ./app_ui.o
 .bss.appUiHeaderString
                0x20003994       0x58 ./app_ui.o
 .bss.appUiBtn  0x200039ec        0x4 ./app_ui.o
 .bss.button0Time.8876
                0x200039f0        0x2 ./app_ui.o
 *fill*         0x200039f2        0x2 
 .bss.appUiLedSeqOff
                0x200039f4        0x2 ./app_ui.o
 *fill*         0x200039f6        0x2 
 .bss.bg_gattdb_data_attribute_field_14_data
                0x200039f8        0xd ./gatt_db.o
                0x200039f8                bg_gattdb_data_attribute_field_14_data
 *fill*         0x20003a05        0x3 
 .bss.bg_gattdb_data_attribute_field_2_data
                0x20003a08        0x4 ./gatt_db.o
                0x20003a08                bg_gattdb_data_attribute_field_2_data
 .bss.bg_gattdb_data_attribute_field_25_data
                0x20003a0c        0x1 ./gatt_db.o
                0x20003a0c                bg_gattdb_data_attribute_field_25_data
 *fill*         0x20003a0d        0x3 
 .bss.bg_gattdb_data_attribute_field_19_data
                0x20003a10        0xd ./gatt_db.o
                0x20003a10                bg_gattdb_data_attribute_field_19_data
 *fill*         0x20003a1d        0x3 
 .bss.deviceHeader
                0x20003a20        0x4 ./graphics.o
 .bss.glibContext
                0x20003a24       0x2c ./graphics.o
 .bss.graphLineNum
                0x20003a50        0x1 ./graphics.o
 *fill*         0x20003a51        0x3 
 .bss.chTable   0x20003a54       0xa0 ./bgapi/dmadrv.o
 .bss.initialized
                0x20003af4        0x1 ./bgapi/dmadrv.o
 *fill*         0x20003af5        0x3 
 .bss.dmaXfer   0x20003af8      0x100 ./bgapi/dmadrv.o
 .bss.dcdcEm01LoadCurrent_mA
                0x20003bf8        0x2 ./emlib/em_emu.o
 .bss.dcdcReverseCurrentControl
                0x20003bfa        0x2 ./emlib/em_emu.o
 .bss.dcdcMaxCurrent_mA
                0x20003bfc        0x2 ./emlib/em_emu.o
 *fill*         0x20003bfe        0x2 
 .bss.errataFixDcdcHsState
                0x20003c00        0x4 ./emlib/em_emu.o
 .bss.i2cTransfer
                0x20003c04       0x10 ./emlib/em_i2c.o
 .bss.pixelMatrixBuffer
                0x20003c14        0x4 ./glib/BRD4300C/dmd_display.o
 .bss.displayDevice
                0x20003c18       0x30 ./glib/BRD4300C/dmd_display.o
 .bss.dimensions
                0x20003c48        0xc ./glib/BRD4300C/dmd_display.o
 .bss.moduleInitialized
                0x20003c54        0x1 ./glib/BRD4300C/dmd_display.o
 *fill*         0x20003c55        0x3 
 .bss.devicesRegistered
                0x20003c58        0x4 ./kit_lcd/BRD4300C/display.o
 .bss.deviceTable
                0x20003c5c       0x30 ./kit_lcd/BRD4300C/display.o
 .bss.moduleInitialized
                0x20003c8c        0x1 ./kit_lcd/BRD4300C/display.o
 *fill*         0x20003c8d        0x3 
 .bss.pixelMatrixPoolBase
                0x20003c90      0x800 ./kit_lcd/BRD4300C/displayls013b7dh03.o
 .bss           0x20004490      0x100 C:/SiliconLabs/SimplicityStudio/v4/developer/sdks/gecko_sdk_suite/v1.0//protocol/bluetooth_2.3/lib/EFR32BG1B/GCC/bgapi.a(bgapi_hardware_lib.c.obj)
 .bss           0x20004590        0x4 C:/SiliconLabs/SimplicityStudio/v4/developer/sdks/gecko_sdk_suite/v1.0//protocol/bluetooth_2.3/lib/EFR32BG1B/GCC/bgapi.a(bgapi_hardware.c.obj)
 .bss           0x20004594       0x10 C:/SiliconLabs/SimplicityStudio/v4/developer/sdks/gecko_sdk_suite/v1.0//protocol/bluetooth_2.3/lib/EFR32BG1B/GCC/bgapi.a(bgapi_util.c.obj)
 .bss           0x200045a4        0x2 C:/SiliconLabs/SimplicityStudio/v4/developer/sdks/gecko_sdk_suite/v1.0//protocol/bluetooth_2.3/lib/EFR32BG1B/GCC/bgapi.a(bgapi_gap.c.obj)
                0x200045a4                legacy_maxadv_events
 *fill*         0x200045a6        0x2 
 .bss           0x200045a8        0x4 C:/SiliconLabs/SimplicityStudio/v4/developer/sdks/gecko_sdk_suite/v1.0//protocol/bluetooth_2.3/lib/EFR32BG1B/GCC/bgapi.a(bgapi_sm.c.obj)
 .bss           0x200045ac        0xc C:/SiliconLabs/SimplicityStudio/v4/developer/sdks/gecko_sdk_suite/v1.0//protocol/bluetooth_2.3/lib/EFR32BG1B/GCC/bgapi.a(bgapi_endpoint.c.obj)
 .bss           0x200045b8        0x4 C:/SiliconLabs/SimplicityStudio/v4/developer/sdks/gecko_sdk_suite/v1.0//protocol/bluetooth_2.3/lib/EFR32BG1B/GCC/bgapi.a(adc.c.obj)
 .bss           0x200045bc        0x2 C:/SiliconLabs/SimplicityStudio/v4/developer/sdks/gecko_sdk_suite/v1.0//protocol/bluetooth_2.3/lib/EFR32BG1B/GCC/bgapi.a(i2c.c.obj)
 *fill*         0x200045be        0x2 
 .bss           0x200045c0       0x2c C:/SiliconLabs/SimplicityStudio/v4/developer/sdks/gecko_sdk_suite/v1.0//protocol/bluetooth_2.3/lib/EFR32BG1B/GCC/bgapi.a(sleep_signal.c.obj)
                0x200045d4                sleep_signal_mask
                0x200045e8                host_wakeup_signal_mask
 .bss           0x200045ec       0x70 C:/SiliconLabs/SimplicityStudio/v4/developer/sdks/gecko_sdk_suite/v1.0//protocol/bluetooth_2.3/lib/EFR32BG1B/GCC/bgapi.a(uart.c.obj)
 .bss.__malloc_max_total_mem
                0x2000465c        0x4 c:/siliconlabs/simplicitystudio/v4/developer/toolchains/gnu_arm/4.9_2015q3/bin/../lib/gcc/arm-none-eabi/4.9.3/../../../../arm-none-eabi/lib/armv7e-m/softfp\libc.a(lib_a-mallocr.o)
                0x2000465c                __malloc_max_total_mem
 .bss.__malloc_max_sbrked_mem
                0x20004660        0x4 c:/siliconlabs/simplicitystudio/v4/developer/toolchains/gnu_arm/4.9_2015q3/bin/../lib/gcc/arm-none-eabi/4.9.3/../../../../arm-none-eabi/lib/armv7e-m/softfp\libc.a(lib_a-mallocr.o)
                0x20004660                __malloc_max_sbrked_mem
 .bss.__malloc_top_pad
                0x20004664        0x4 c:/siliconlabs/simplicitystudio/v4/developer/toolchains/gnu_arm/4.9_2015q3/bin/../lib/gcc/arm-none-eabi/4.9.3/../../../../arm-none-eabi/lib/armv7e-m/softfp\libc.a(lib_a-mallocr.o)
                0x20004664                __malloc_top_pad
 .bss.__malloc_current_mallinfo
                0x20004668       0x28 c:/siliconlabs/simplicitystudio/v4/developer/toolchains/gnu_arm/4.9_2015q3/bin/../lib/gcc/arm-none-eabi/4.9.3/../../../../arm-none-eabi/lib/armv7e-m/softfp\libc.a(lib_a-mallocr.o)
                0x20004668                __malloc_current_mallinfo
 .bss.heap_end.4079
                0x20004690        0x4 c:/siliconlabs/simplicitystudio/v4/developer/toolchains/gnu_arm/4.9_2015q3/bin/../lib/gcc/arm-none-eabi/4.9.3/../../../../arm-none-eabi/lib/armv7e-m/softfp\libnosys.a(sbrk.o)
 *(COMMON)
 COMMON         0x20004694     0x18d0 ./main.o
                0x20004694                bluetooth_stack_heap
 COMMON         0x20005f64       0x10 ./glib/BRD4300C/dmd_display.o
                0x20005f64                dirtyRows
 COMMON         0x20005f74        0xc C:/SiliconLabs/SimplicityStudio/v4/developer/sdks/gecko_sdk_suite/v1.0//protocol/bluetooth_2.3/lib/EFR32BG1B/GCC/bgapi.a(uart_endpoint.c.obj)
                0x20005f74                uarts
 COMMON         0x20005f80        0x1 C:/SiliconLabs/SimplicityStudio/v4/developer/sdks/gecko_sdk_suite/v1.0//protocol/bluetooth_2.3/lib/EFR32BG1B/GCC/bgapi.a(gpio.c.obj)
                0x20005f80                gpio_events
 *fill*         0x20005f81        0x3 
 COMMON         0x20005f84        0x4 c:/siliconlabs/simplicitystudio/v4/developer/toolchains/gnu_arm/4.9_2015q3/bin/../lib/gcc/arm-none-eabi/4.9.3/../../../../arm-none-eabi/lib/armv7e-m/softfp\libc.a(lib_a-reent.o)
                0x20005f84                errno
                0x20005f88                . = ALIGN (0x4)
                0x20005f88                __bss_end__ = .

.heap           0x20005f88      0xc00
                0x20005f88                __HeapBase = .
                0x20005f88                __end__ = .
                0x20005f88                end = __end__
                0x20005f88                _end = __end__
 *(.heap*)
 .heap          0x20005f88      0xc00 ./device/EFR32_B_1_1_B/gcc/startup_efr32bg1b.o
                0x20006b88                __HeapLimit = .

.stack_dummy    0x20006b88      0x400
 *(.stack*)
 .stack         0x20006b88      0x400 ./device/EFR32_B_1_1_B/gcc/startup_efr32bg1b.o
                0x20007bfc                __StackTop = (ORIGIN (RAM) + 0x4bfc)
                0x200077fc                __StackLimit = (__StackTop - SIZEOF (.stack_dummy))
                0x20007bfc                PROVIDE (__stack, __StackTop)
                0x00000001                ASSERT ((__StackLimit >= __HeapLimit), region RAM overflowed with stack)
OUTPUT(soc-smartPhone2.axf elf32-littlearm)

.ARM.attributes
                0x00000000       0x2e
 .ARM.attributes
                0x00000000       0x22 c:/siliconlabs/simplicitystudio/v4/developer/toolchains/gnu_arm/4.9_2015q3/bin/../lib/gcc/arm-none-eabi/4.9.3/armv7e-m/softfp/crti.o
 .ARM.attributes
                0x00000022       0x32 c:/siliconlabs/simplicitystudio/v4/developer/toolchains/gnu_arm/4.9_2015q3/bin/../lib/gcc/arm-none-eabi/4.9.3/armv7e-m/softfp/crtbegin.o
 .ARM.attributes
                0x00000054       0x20 c:/siliconlabs/simplicitystudio/v4/developer/toolchains/gnu_arm/4.9_2015q3/bin/../lib/gcc/arm-none-eabi/4.9.3/../../../../arm-none-eabi/lib/armv7e-m/softfp/crt0.o
 .ARM.attributes
                0x00000074       0x37 ./advertisement.o
 .ARM.attributes
                0x000000ab       0x37 ./app.o
 .ARM.attributes
                0x000000e2       0x37 ./app_hw.o
 .ARM.attributes
                0x00000119       0x37 ./app_ui.o
 .ARM.attributes
                0x00000150       0x37 ./beacon.o
 .ARM.attributes
                0x00000187       0x37 ./gatt_db.o
 .ARM.attributes
                0x000001be       0x37 ./graphics.o
 .ARM.attributes
                0x000001f5       0x37 ./htm.o
 .ARM.attributes
                0x0000022c       0x37 ./ia.o
 .ARM.attributes
                0x00000263       0x37 ./main.o
 .ARM.attributes
                0x0000029a       0x37 ./bgapi/dmadrv.o
 .ARM.attributes
                0x000002d1       0x37 ./bgapi/em_adc.o
 .ARM.attributes
                0x00000308       0x37 ./bgapi/em_ldma.o
 .ARM.attributes
                0x0000033f       0x37 ./bgapi/em_leuart.o
 .ARM.attributes
                0x00000376       0x37 ./device/EFR32_B_1_1_B/gcc/startup_efr32bg1b.o
 .ARM.attributes
                0x000003ad       0x37 ./emlib/em_cmu.o
 .ARM.attributes
                0x000003e4       0x37 ./emlib/em_emu.o
 .ARM.attributes
                0x0000041b       0x37 ./emlib/em_gpio.o
 .ARM.attributes
                0x00000452       0x37 ./emlib/em_i2c.o
 .ARM.attributes
                0x00000489       0x37 ./emlib/em_rtcc.o
 .ARM.attributes
                0x000004c0       0x37 ./emlib/em_system.o
 .ARM.attributes
                0x000004f7       0x37 ./emlib/em_usart.o
 .ARM.attributes
                0x0000052e       0x37 ./glib/BRD4300C/dmd_display.o
 .ARM.attributes
                0x00000565       0x37 ./glib/BRD4300C/glib.o
 .ARM.attributes
                0x0000059c       0x37 ./glib/BRD4300C/glib_font_narrow_6x8.o
 .ARM.attributes
                0x000005d3       0x37 ./glib/BRD4300C/glib_font_normal_8x8.o
 .ARM.attributes
                0x0000060a       0x37 ./glib/BRD4300C/glib_rectangle.o
 .ARM.attributes
                0x00000641       0x37 ./glib/BRD4300C/glib_string.o
 .ARM.attributes
                0x00000678       0x37 ./kit/BRD4300C/i2cspm.o
 .ARM.attributes
                0x000006af       0x37 ./kit/BRD4300C/si7013.o
 .ARM.attributes
                0x000006e6       0x37 ./kit/BRD4300C/udelay.o
 .ARM.attributes
                0x0000071d       0x37 ./kit_lcd/BRD4300C/display.o
 .ARM.attributes
                0x00000754       0x37 ./kit_lcd/BRD4300C/displayls013b7dh03.o
 .ARM.attributes
                0x0000078b       0x37 ./kit_lcd/BRD4300C/displaypalemlib.o
 .ARM.attributes
                0x000007c2       0x37 ./src/InitDevice.o
 .ARM.attributes
                0x000007f9       0x1c C:/SiliconLabs/SimplicityStudio/v4/developer/sdks/gecko_sdk_suite/v1.0//protocol/bluetooth_2.3/lib/EFR32BG1B/EABI/binbootloader.o
 .ARM.attributes
                0x00000815       0x37 C:/SiliconLabs/SimplicityStudio/v4/developer/sdks/gecko_sdk_suite/v1.0//protocol/bluetooth_2.3/lib/EFR32BG1B/GCC/bgapi.a(gecko_bgapi_hardware.c.obj)
 .ARM.attributes
                0x0000084c       0x37 C:/SiliconLabs/SimplicityStudio/v4/developer/sdks/gecko_sdk_suite/v1.0//protocol/bluetooth_2.3/lib/EFR32BG1B/GCC/bgapi.a(gecko_bgapi_test.c.obj)
 .ARM.attributes
                0x00000883       0x37 C:/SiliconLabs/SimplicityStudio/v4/developer/sdks/gecko_sdk_suite/v1.0//protocol/bluetooth_2.3/lib/EFR32BG1B/GCC/bgapi.a(gecko_bgapi_util.c.obj)
 .ARM.attributes
                0x000008ba       0x37 C:/SiliconLabs/SimplicityStudio/v4/developer/sdks/gecko_sdk_suite/v1.0//protocol/bluetooth_2.3/lib/EFR32BG1B/GCC/bgapi.a(gecko_bgapi_dfu.c.obj)
 .ARM.attributes
                0x000008f1       0x37 C:/SiliconLabs/SimplicityStudio/v4/developer/sdks/gecko_sdk_suite/v1.0//protocol/bluetooth_2.3/lib/EFR32BG1B/GCC/bgapi.a(gecko_bgapi_gap.c.obj)
 .ARM.attributes
                0x00000928       0x37 C:/SiliconLabs/SimplicityStudio/v4/developer/sdks/gecko_sdk_suite/v1.0//protocol/bluetooth_2.3/lib/EFR32BG1B/GCC/bgapi.a(gecko_bgapi_gatt.c.obj)
 .ARM.attributes
                0x0000095f       0x37 C:/SiliconLabs/SimplicityStudio/v4/developer/sdks/gecko_sdk_suite/v1.0//protocol/bluetooth_2.3/lib/EFR32BG1B/GCC/bgapi.a(gecko_bgapi_gatt_server.c.obj)
 .ARM.attributes
                0x00000996       0x37 C:/SiliconLabs/SimplicityStudio/v4/developer/sdks/gecko_sdk_suite/v1.0//protocol/bluetooth_2.3/lib/EFR32BG1B/GCC/bgapi.a(gecko_bgapi_flash.c.obj)
 .ARM.attributes